▲ Next.js 16.1.1 (Turbopack)
- Local:         http://localhost:4006
- Network:       http://192.168.64.1:4006
- Environments: .env.local

✓ Starting...
✓ Ready in 839ms
⚠ Cross origin request detected from 127.0.0.1 to /_next/* resource. In a future major version of Next.js, you will need to explicitly configure "allowedDevOrigins" in next.config to allow this.
Read more: https://nextjs.org/docs/app/api-reference/config/next-config-js/allowedDevOrigins
⚠ [next]/internal/font/google/inter_c15e96cb.module.css
Error while requesting resource
There was an issue establishing a connection while requesting https://fonts.googleapis.com/css2?family=Inter:wght@100..900&display=swap

Import trace:
  Server Component:
    [next]/internal/font/google/inter_c15e96cb.module.css
    [next]/internal/font/google/inter_c15e96cb.js
    ./src/app/layout.tsx


⚠ [next]/internal/font/google/inter_c15e96cb.module.css
next/font: warning:
Failed to download `Inter` from Google Fonts. Using fallback font instead.

Import trace:
  Server Component:
    [next]/internal/font/google/inter_c15e96cb.module.css
    [next]/internal/font/google/inter_c15e96cb.js
    ./src/app/layout.tsx


⚠ [next]/internal/font/google/inter_c15e96cb.module.css
Error while requesting resource
There was an issue establishing a connection while requesting https://fonts.googleapis.com/css2?family=Inter:wght@100..900&display=swap

Import trace:
  Server Component:
    [next]/internal/font/google/inter_c15e96cb.module.css
    [next]/internal/font/google/inter_c15e96cb.js
    ./src/app/layout.tsx


⚠ [next]/internal/font/google/inter_c15e96cb.module.css
next/font: warning:
Failed to download `Inter` from Google Fonts. Using fallback font instead.

Import trace:
  Server Component:
    [next]/internal/font/google/inter_c15e96cb.module.css
    [next]/internal/font/google/inter_c15e96cb.js
    ./src/app/layout.tsx


⚠ [next]/internal/font/google/inter_c15e96cb.module.css
Error while requesting resource
There was an issue establishing a connection while requesting https://fonts.googleapis.com/css2?family=Inter:wght@100..900&display=swap

Import trace:
  Server Component:
    [next]/internal/font/google/inter_c15e96cb.module.css
    [next]/internal/font/google/inter_c15e96cb.js
    ./src/app/layout.tsx


⚠ [next]/internal/font/google/inter_c15e96cb.module.css
next/font: warning:
Failed to download `Inter` from Google Fonts. Using fallback font instead.

Import trace:
  Server Component:
    [next]/internal/font/google/inter_c15e96cb.module.css
    [next]/internal/font/google/inter_c15e96cb.js
    ./src/app/layout.tsx


 GET /accounting 200 in 1766ms (compile: 1452ms, proxy.ts: 76ms, render: 239ms)
 GET /accounting 200 in 71ms (compile: 6ms, proxy.ts: 13ms, render: 52ms)
⚠ [next]/internal/font/google/inter_c15e96cb.module.css
Error while requesting resource
There was an issue establishing a connection while requesting https://fonts.googleapis.com/css2?family=Inter:wght@100..900&display=swap

Import trace:
  Server Component:
    [next]/internal/font/google/inter_c15e96cb.module.css
    [next]/internal/font/google/inter_c15e96cb.js
    ./src/app/layout.tsx


⚠ [next]/internal/font/google/inter_c15e96cb.module.css
next/font: warning:
Failed to download `Inter` from Google Fonts. Using fallback font instead.

Import trace:
  Server Component:
    [next]/internal/font/google/inter_c15e96cb.module.css
    [next]/internal/font/google/inter_c15e96cb.js
    ./src/app/layout.tsx


⚠ [next]/internal/font/google/inter_c15e96cb.module.css
Error while requesting resource
There was an issue establishing a connection while requesting https://fonts.googleapis.com/css2?family=Inter:wght@100..900&display=swap

Import trace:
  Server Component:
    [next]/internal/font/google/inter_c15e96cb.module.css
    [next]/internal/font/google/inter_c15e96cb.js
    ./src/app/layout.tsx


⚠ [next]/internal/font/google/inter_c15e96cb.module.css
next/font: warning:
Failed to download `Inter` from Google Fonts. Using fallback font instead.

Import trace:
  Server Component:
    [next]/internal/font/google/inter_c15e96cb.module.css
    [next]/internal/font/google/inter_c15e96cb.js
    ./src/app/layout.tsx


 GET /api/accounting 200 in 94ms (compile: 61ms, proxy.ts: 3ms, render: 29ms)
⚠ [next]/internal/font/google/inter_c15e96cb.module.css
Error while requesting resource
There was an issue establishing a connection while requesting https://fonts.googleapis.com/css2?family=Inter:wght@100..900&display=swap

Import trace:
  Server Component:
    [next]/internal/font/google/inter_c15e96cb.module.css
    [next]/internal/font/google/inter_c15e96cb.js
    ./src/app/layout.tsx


⚠ [next]/internal/font/google/inter_c15e96cb.module.css
next/font: warning:
Failed to download `Inter` from Google Fonts. Using fallback font instead.

Import trace:
  Server Component:
    [next]/internal/font/google/inter_c15e96cb.module.css
    [next]/internal/font/google/inter_c15e96cb.js
    ./src/app/layout.tsx


 GET /api/vault 200 in 50ms (compile: 36ms, proxy.ts: 5ms, render: 9ms)
⚠ [next]/internal/font/google/inter_c15e96cb.module.css
Error while requesting resource
There was an issue establishing a connection while requesting https://fonts.googleapis.com/css2?family=Inter:wght@100..900&display=swap

Import trace:
  Server Component:
    [next]/internal/font/google/inter_c15e96cb.module.css
    [next]/internal/font/google/inter_c15e96cb.js
    ./src/app/layout.tsx


⚠ [next]/internal/font/google/inter_c15e96cb.module.css
next/font: warning:
Failed to download `Inter` from Google Fonts. Using fallback font instead.

Import trace:
  Server Component:
    [next]/internal/font/google/inter_c15e96cb.module.css
    [next]/internal/font/google/inter_c15e96cb.js
    ./src/app/layout.tsx


⚠ [next]/internal/font/google/inter_c15e96cb.module.css
Error while requesting resource
There was an issue establishing a connection while requesting https://fonts.googleapis.com/css2?family=Inter:wght@100..900&display=swap

Import trace:
  Server Component:
    [next]/internal/font/google/inter_c15e96cb.module.css
    [next]/internal/font/google/inter_c15e96cb.js
    ./src/app/layout.tsx


⚠ [next]/internal/font/google/inter_c15e96cb.module.css
next/font: warning:
Failed to download `Inter` from Google Fonts. Using fallback font instead.

Import trace:
  Server Component:
    [next]/internal/font/google/inter_c15e96cb.module.css
    [next]/internal/font/google/inter_c15e96cb.js
    ./src/app/layout.tsx


 GET /api/accounting?include_transactions=true&start_date=2026-09-01&end_date=2026-09-16&limit=1000 200 in 67ms (compile: 6ms, proxy.ts: 46ms, render: 16ms)
⚠ [next]/internal/font/google/inter_c15e96cb.module.css
Error while requesting resource
There was an issue establishing a connection while requesting https://fonts.googleapis.com/css2?family=Inter:wght@100..900&display=swap

Import trace:
  Server Component:
    [next]/internal/font/google/inter_c15e96cb.module.css
    [next]/internal/font/google/inter_c15e96cb.js
    ./src/app/layout.tsx


⚠ [next]/internal/font/google/inter_c15e96cb.module.css
next/font: warning:
Failed to download `Inter` from Google Fonts. Using fallback font instead.

Import trace:
  Server Component:
    [next]/internal/font/google/inter_c15e96cb.module.css
    [next]/internal/font/google/inter_c15e96cb.js
    ./src/app/layout.tsx


 GET /api/accounting?include_transactions=true&start_date=2026-09-01&end_date=2026-09-16&limit=1000 200 in 25ms (compile: 6ms, proxy.ts: 5ms, render: 14ms)
⚠ [next]/internal/font/google/inter_c15e96cb.module.css
Error while requesting resource
There was an issue establishing a connection while requesting https://fonts.googleapis.com/css2?family=Inter:wght@100..900&display=swap

Import trace:
  Server Component:
    [next]/internal/font/google/inter_c15e96cb.module.css
    [next]/internal/font/google/inter_c15e96cb.js
    ./src/app/layout.tsx


⚠ [next]/internal/font/google/inter_c15e96cb.module.css
next/font: warning:
Failed to download `Inter` from Google Fonts. Using fallback font instead.

Import trace:
  Server Component:
    [next]/internal/font/google/inter_c15e96cb.module.css
    [next]/internal/font/google/inter_c15e96cb.js
    ./src/app/layout.tsx


 GET /api/accounting 200 in 17ms (compile: 4ms, proxy.ts: 3ms, render: 10ms)
⚠ [next]/internal/font/google/inter_c15e96cb.module.css
Error while requesting resource
There was an issue establishing a connection while requesting https://fonts.googleapis.com/css2?family=Inter:wght@100..900&display=swap

Import trace:
  Server Component:
    [next]/internal/font/google/inter_c15e96cb.module.css
    [next]/internal/font/google/inter_c15e96cb.js
    ./src/app/layout.tsx


⚠ [next]/internal/font/google/inter_c15e96cb.module.css
next/font: warning:
Failed to download `Inter` from Google Fonts. Using fallback font instead.

Import trace:
  Server Component:
    [next]/internal/font/google/inter_c15e96cb.module.css
    [next]/internal/font/google/inter_c15e96cb.js
    ./src/app/layout.tsx


 GET /api/accounting?include_transactions=true&start_date=2026-09-01&end_date=2026-09-16&limit=1000 200 in 21ms (compile: 4ms, proxy.ts: 3ms, render: 14ms)
⚠ [next]/internal/font/google/inter_c15e96cb.module.css
Error while requesting resource
There was an issue establishing a connection while requesting https://fonts.googleapis.com/css2?family=Inter:wght@100..900&display=swap

Import trace:
  Server Component:
    [next]/internal/font/google/inter_c15e96cb.module.css
    [next]/internal/font/google/inter_c15e96cb.js
    ./src/app/layout.tsx


⚠ [next]/internal/font/google/inter_c15e96cb.module.css
next/font: warning:
Failed to download `Inter` from Google Fonts. Using fallback font instead.

Import trace:
  Server Component:
    [next]/internal/font/google/inter_c15e96cb.module.css
    [next]/internal/font/google/inter_c15e96cb.js
    ./src/app/layout.tsx


 GET /api/accounting?include_transactions=true&start_date=2026-09-01&end_date=2026-09-16&limit=1000 200 in 22ms (compile: 4ms, proxy.ts: 3ms, render: 15ms)
⚠ [next]/internal/font/google/inter_c15e96cb.module.css
Error while requesting resource
There was an issue establishing a connection while requesting https://fonts.googleapis.com/css2?family=Inter:wght@100..900&display=swap

Import trace:
  Server Component:
    [next]/internal/font/google/inter_c15e96cb.module.css
    [next]/internal/font/google/inter_c15e96cb.js
    ./src/app/layout.tsx


⚠ [next]/internal/font/google/inter_c15e96cb.module.css
next/font: warning:
Failed to download `Inter` from Google Fonts. Using fallback font instead.

Import trace:
  Server Component:
    [next]/internal/font/google/inter_c15e96cb.module.css
    [next]/internal/font/google/inter_c15e96cb.js
    ./src/app/layout.tsx


 GET /api/vault 200 in 14ms (compile: 5ms, proxy.ts: 3ms, render: 6ms)
⚠ [next]/internal/font/google/inter_c15e96cb.module.css
Error while requesting resource
There was an issue establishing a connection while requesting https://fonts.googleapis.com/css2?family=Inter:wght@100..900&display=swap

Import trace:
  Server Component:
    [next]/internal/font/google/inter_c15e96cb.module.css
    [next]/internal/font/google/inter_c15e96cb.js
    ./src/app/layout.tsx


⚠ [next]/internal/font/google/inter_c15e96cb.module.css
next/font: warning:
Failed to download `Inter` from Google Fonts. Using fallback font instead.

Import trace:
  Server Component:
    [next]/internal/font/google/inter_c15e96cb.module.css
    [next]/internal/font/google/inter_c15e96cb.js
    ./src/app/layout.tsx


 GET /accounting 200 in 47ms (compile: 6ms, proxy.ts: 3ms, render: 38ms)
⚠ [next]/internal/font/google/inter_c15e96cb.module.css
Error while requesting resource
There was an issue establishing a connection while requesting https://fonts.googleapis.com/css2?family=Inter:wght@100..900&display=swap

Import trace:
  Server Component:
    [next]/internal/font/google/inter_c15e96cb.module.css
    [next]/internal/font/google/inter_c15e96cb.js
    ./src/app/layout.tsx


⚠ [next]/internal/font/google/inter_c15e96cb.module.css
next/font: warning:
Failed to download `Inter` from Google Fonts. Using fallback font instead.

Import trace:
  Server Component:
    [next]/internal/font/google/inter_c15e96cb.module.css
    [next]/internal/font/google/inter_c15e96cb.js
    ./src/app/layout.tsx


⚠ [next]/internal/font/google/inter_c15e96cb.module.css
Error while requesting resource
There was an issue establishing a connection while requesting https://fonts.googleapis.com/css2?family=Inter:wght@100..900&display=swap

Import trace:
  Server Component:
    [next]/internal/font/google/inter_c15e96cb.module.css
    [next]/internal/font/google/inter_c15e96cb.js
    ./src/app/layout.tsx


⚠ [next]/internal/font/google/inter_c15e96cb.module.css
next/font: warning:
Failed to download `Inter` from Google Fonts. Using fallback font instead.

Import trace:
  Server Component:
    [next]/internal/font/google/inter_c15e96cb.module.css
    [next]/internal/font/google/inter_c15e96cb.js
    ./src/app/layout.tsx


 GET /api/accounting 200 in 19ms (compile: 5ms, proxy.ts: 4ms, render: 9ms)
⚠ [next]/internal/font/google/inter_c15e96cb.module.css
Error while requesting resource
There was an issue establishing a connection while requesting https://fonts.googleapis.com/css2?family=Inter:wght@100..900&display=swap

Import trace:
  Server Component:
    [next]/internal/font/google/inter_c15e96cb.module.css
    [next]/internal/font/google/inter_c15e96cb.js
    ./src/app/layout.tsx


⚠ [next]/internal/font/google/inter_c15e96cb.module.css
next/font: warning:
Failed to download `Inter` from Google Fonts. Using fallback font instead.

Import trace:
  Server Component:
    [next]/internal/font/google/inter_c15e96cb.module.css
    [next]/internal/font/google/inter_c15e96cb.js
    ./src/app/layout.tsx


 GET /api/accounting?include_transactions=true&start_date=2026-09-01&end_date=2026-09-16&limit=1000 200 in 23ms (compile: 5ms, proxy.ts: 3ms, render: 15ms)
⚠ [next]/internal/font/google/inter_c15e96cb.module.css
Error while requesting resource
There was an issue establishing a connection while requesting https://fonts.googleapis.com/css2?family=Inter:wght@100..900&display=swap

Import trace:
  Server Component:
    [next]/internal/font/google/inter_c15e96cb.module.css
    [next]/internal/font/google/inter_c15e96cb.js
    ./src/app/layout.tsx


⚠ [next]/internal/font/google/inter_c15e96cb.module.css
next/font: warning:
Failed to download `Inter` from Google Fonts. Using fallback font instead.

Import trace:
  Server Component:
    [next]/internal/font/google/inter_c15e96cb.module.css
    [next]/internal/font/google/inter_c15e96cb.js
    ./src/app/layout.tsx


 GET /api/accounting?include_transactions=true&start_date=2026-09-01&end_date=2026-09-16&limit=1000 200 in 24ms (compile: 7ms, proxy.ts: 4ms, render: 13ms)
⚠ [next]/internal/font/google/inter_c15e96cb.module.css
Error while requesting resource
There was an issue establishing a connection while requesting https://fonts.googleapis.com/css2?family=Inter:wght@100..900&display=swap

Import trace:
  Server Component:
    [next]/internal/font/google/inter_c15e96cb.module.css
    [next]/internal/font/google/inter_c15e96cb.js
    ./src/app/layout.tsx


⚠ [next]/internal/font/google/inter_c15e96cb.module.css
next/font: warning:
Failed to download `Inter` from Google Fonts. Using fallback font instead.

Import trace:
  Server Component:
    [next]/internal/font/google/inter_c15e96cb.module.css
    [next]/internal/font/google/inter_c15e96cb.js
    ./src/app/layout.tsx


 GET /api/vault 200 in 15ms (compile: 5ms, proxy.ts: 4ms, render: 6ms)
⚠ [next]/internal/font/google/inter_c15e96cb.module.css
Error while requesting resource
There was an issue establishing a connection while requesting https://fonts.googleapis.com/css2?family=Inter:wght@100..900&display=swap

Import trace:
  Server Component:
    [next]/internal/font/google/inter_c15e96cb.module.css
    [next]/internal/font/google/inter_c15e96cb.js
    ./src/app/layout.tsx


⚠ [next]/internal/font/google/inter_c15e96cb.module.css
next/font: warning:
Failed to download `Inter` from Google Fonts. Using fallback font instead.

Import trace:
  Server Component:
    [next]/internal/font/google/inter_c15e96cb.module.css
    [next]/internal/font/google/inter_c15e96cb.js
    ./src/app/layout.tsx


 GET /api/accounting?include_transactions=true&start_date=2026-09-01&end_date=2026-09-16&limit=1000&entity_id=00588047-8036-42b8-ba29-bd0e888f54e3 200 in 19ms (compile: 5ms, proxy.ts: 3ms, render: 11ms)
⚠ [next]/internal/font/google/inter_c15e96cb.module.css
Error while requesting resource
There was an issue establishing a connection while requesting https://fonts.googleapis.com/css2?family=Inter:wght@100..900&display=swap

Import trace:
  Server Component:
    [next]/internal/font/google/inter_c15e96cb.module.css
    [next]/internal/font/google/inter_c15e96cb.js
    ./src/app/layout.tsx


⚠ [next]/internal/font/google/inter_c15e96cb.module.css
next/font: warning:
Failed to download `Inter` from Google Fonts. Using fallback font instead.

Import trace:
  Server Component:
    [next]/internal/font/google/inter_c15e96cb.module.css
    [next]/internal/font/google/inter_c15e96cb.js
    ./src/app/layout.tsx


 GET /api/accounting?entity_id=00588047-8036-42b8-ba29-bd0e888f54e3 200 in 14ms (compile: 4ms, proxy.ts: 3ms, render: 7ms)
⚠ [next]/internal/font/google/inter_c15e96cb.module.css
Error while requesting resource
There was an issue establishing a connection while requesting https://fonts.googleapis.com/css2?family=Inter:wght@100..900&display=swap

Import trace:
  Server Component:
    [next]/internal/font/google/inter_c15e96cb.module.css
    [next]/internal/font/google/inter_c15e96cb.js
    ./src/app/layout.tsx


⚠ [next]/internal/font/google/inter_c15e96cb.module.css
next/font: warning:
Failed to download `Inter` from Google Fonts. Using fallback font instead.

Import trace:
  Server Component:
    [next]/internal/font/google/inter_c15e96cb.module.css
    [next]/internal/font/google/inter_c15e96cb.js
    ./src/app/layout.tsx


 GET /api/accounting?entity_id=00588047-8036-42b8-ba29-bd0e888f54e3 200 in 13ms (compile: 3ms, proxy.ts: 2ms, render: 8ms)
⚠ [next]/internal/font/google/inter_c15e96cb.module.css
Error while requesting resource
There was an issue establishing a connection while requesting https://fonts.googleapis.com/css2?family=Inter:wght@100..900&display=swap

Import trace:
  Server Component:
    [next]/internal/font/google/inter_c15e96cb.module.css
    [next]/internal/font/google/inter_c15e96cb.js
    ./src/app/layout.tsx


⚠ [next]/internal/font/google/inter_c15e96cb.module.css
next/font: warning:
Failed to download `Inter` from Google Fonts. Using fallback font instead.

Import trace:
  Server Component:
    [next]/internal/font/google/inter_c15e96cb.module.css
    [next]/internal/font/google/inter_c15e96cb.js
    ./src/app/layout.tsx


Accounting API GET Error: Error: Entity not found: all
    at getScopeNetWorth (src\lib\domain\accounting\balanceService.ts:723:15)
    at GET (src\app\api\accounting\route.ts:118:48)
  721 |     const targetEntity = db.prepare('SELECT id, name, type, currency FROM m1_entities WHERE id = ?').get(input.target_entity_id) as any;
  722 |     if (!targetEntity) {
> 723 |         throw new Error(`Entity not found: ${input.target_entity_id}`);
      |               ^
  724 |     }
  725 |
  726 |     const items: ScopeNetWorthItem[] = [];
 GET /api/accounting?view=reports&report_type=scope_net_worth&scope_id=all&scope_type=individual&as_of_date=2026-09-16 500 in 85ms (compile: 4ms, proxy.ts: 4ms, render: 78ms)
