▲ Next.js 16.1.1 (Turbopack)
- Local:         http://localhost:4007
- Network:       http://192.168.1.5:4007
- Environments: .env.local

✓ Starting...

  We detected TypeScript in your project and reconfigured your tsconfig.json file for you.
  The following suggested values were added to your tsconfig.json. These values can be changed to fit your project's needs:

  	- include was updated to add '.next-test/assessor-batch-a/types/**/*.ts'
  	- include was updated to add '.next-test/assessor-batch-a/dev/types/**/*.ts'

✓ Ready in 899ms
○ Compiling /accounting ...
⚠ [next]/internal/font/google/inter_c15e96cb.module.css
Error while requesting resource
There was an issue establishing a connection while requesting https://fonts.googleapis.com/css2?family=Inter:wght@100..900&display=swap

Import trace:
  Server Component:
    [next]/internal/font/google/inter_c15e96cb.module.css
    [next]/internal/font/google/inter_c15e96cb.js
    ./src/app/layout.tsx


⚠ [next]/internal/font/google/inter_c15e96cb.module.css
next/font: warning:
Failed to download `Inter` from Google Fonts. Using fallback font instead.

Import trace:
  Server Component:
    [next]/internal/font/google/inter_c15e96cb.module.css
    [next]/internal/font/google/inter_c15e96cb.js
    ./src/app/layout.tsx


 GET /accounting 200 in 3.5s (compile: 3.2s, proxy.ts: 81ms, render: 229ms)
⚠ [next]/internal/font/google/inter_c15e96cb.module.css
Error while requesting resource
There was an issue establishing a connection while requesting https://fonts.googleapis.com/css2?family=Inter:wght@100..900&display=swap

Import trace:
  Server Component:
    [next]/internal/font/google/inter_c15e96cb.module.css
    [next]/internal/font/google/inter_c15e96cb.js
    ./src/app/layout.tsx


⚠ [next]/internal/font/google/inter_c15e96cb.module.css
next/font: warning:
Failed to download `Inter` from Google Fonts. Using fallback font instead.

Import trace:
  Server Component:
    [next]/internal/font/google/inter_c15e96cb.module.css
    [next]/internal/font/google/inter_c15e96cb.js
    ./src/app/layout.tsx


⚠ [next]/internal/font/google/inter_c15e96cb.module.css
Error while requesting resource
There was an issue establishing a connection while requesting https://fonts.googleapis.com/css2?family=Inter:wght@100..900&display=swap

Import trace:
  Server Component:
    [next]/internal/font/google/inter_c15e96cb.module.css
    [next]/internal/font/google/inter_c15e96cb.js
    ./src/app/layout.tsx


⚠ [next]/internal/font/google/inter_c15e96cb.module.css
next/font: warning:
Failed to download `Inter` from Google Fonts. Using fallback font instead.

Import trace:
  Server Component:
    [next]/internal/font/google/inter_c15e96cb.module.css
    [next]/internal/font/google/inter_c15e96cb.js
    ./src/app/layout.tsx


 GET /api/accounting 200 in 243ms (compile: 213ms, proxy.ts: 4ms, render: 27ms)
⚠ [next]/internal/font/google/inter_c15e96cb.module.css
Error while requesting resource
There was an issue establishing a connection while requesting https://fonts.googleapis.com/css2?family=Inter:wght@100..900&display=swap

Import trace:
  Server Component:
    [next]/internal/font/google/inter_c15e96cb.module.css
    [next]/internal/font/google/inter_c15e96cb.js
    ./src/app/layout.tsx


⚠ [next]/internal/font/google/inter_c15e96cb.module.css
next/font: warning:
Failed to download `Inter` from Google Fonts. Using fallback font instead.

Import trace:
  Server Component:
    [next]/internal/font/google/inter_c15e96cb.module.css
    [next]/internal/font/google/inter_c15e96cb.js
    ./src/app/layout.tsx


 GET /api/vault 200 in 217ms (compile: 203ms, proxy.ts: 4ms, render: 10ms)
⚠ [next]/internal/font/google/inter_c15e96cb.module.css
Error while requesting resource
There was an issue establishing a connection while requesting https://fonts.googleapis.com/css2?family=Inter:wght@100..900&display=swap

Import trace:
  Server Component:
    [next]/internal/font/google/inter_c15e96cb.module.css
    [next]/internal/font/google/inter_c15e96cb.js
    ./src/app/layout.tsx


⚠ [next]/internal/font/google/inter_c15e96cb.module.css
next/font: warning:
Failed to download `Inter` from Google Fonts. Using fallback font instead.

Import trace:
  Server Component:
    [next]/internal/font/google/inter_c15e96cb.module.css
    [next]/internal/font/google/inter_c15e96cb.js
    ./src/app/layout.tsx


 GET /api/accounting?view=drafts 200 in 16ms (compile: 5ms, proxy.ts: 5ms, render: 6ms)
⚠ [next]/internal/font/google/inter_c15e96cb.module.css
Error while requesting resource
There was an issue establishing a connection while requesting https://fonts.googleapis.com/css2?family=Inter:wght@100..900&display=swap

Import trace:
  Server Component:
    [next]/internal/font/google/inter_c15e96cb.module.css
    [next]/internal/font/google/inter_c15e96cb.js
    ./src/app/layout.tsx


⚠ [next]/internal/font/google/inter_c15e96cb.module.css
next/font: warning:
Failed to download `Inter` from Google Fonts. Using fallback font instead.

Import trace:
  Server Component:
    [next]/internal/font/google/inter_c15e96cb.module.css
    [next]/internal/font/google/inter_c15e96cb.js
    ./src/app/layout.tsx


 GET /api/accounting?include_transactions=true&as_of_date=2026-09-17&start_date=2026-09-01&end_date=2026-09-17&limit=50&offset=0 200 in 28ms (compile: 13ms, proxy.ts: 5ms, render: 10ms)
⚠ [next]/internal/font/google/inter_c15e96cb.module.css
Error while requesting resource
There was an issue establishing a connection while requesting https://fonts.googleapis.com/css2?family=Inter:wght@100..900&display=swap

Import trace:
  Server Component:
    [next]/internal/font/google/inter_c15e96cb.module.css
    [next]/internal/font/google/inter_c15e96cb.js
    ./src/app/layout.tsx


⚠ [next]/internal/font/google/inter_c15e96cb.module.css
next/font: warning:
Failed to download `Inter` from Google Fonts. Using fallback font instead.

Import trace:
  Server Component:
    [next]/internal/font/google/inter_c15e96cb.module.css
    [next]/internal/font/google/inter_c15e96cb.js
    ./src/app/layout.tsx


 GET /api/accounting?view=drafts 200 in 16ms (compile: 5ms, proxy.ts: 5ms, render: 7ms)
⚠ [next]/internal/font/google/inter_c15e96cb.module.css
Error while requesting resource
There was an issue establishing a connection while requesting https://fonts.googleapis.com/css2?family=Inter:wght@100..900&display=swap

Import trace:
  Server Component:
    [next]/internal/font/google/inter_c15e96cb.module.css
    [next]/internal/font/google/inter_c15e96cb.js
    ./src/app/layout.tsx


⚠ [next]/internal/font/google/inter_c15e96cb.module.css
next/font: warning:
Failed to download `Inter` from Google Fonts. Using fallback font instead.

Import trace:
  Server Component:
    [next]/internal/font/google/inter_c15e96cb.module.css
    [next]/internal/font/google/inter_c15e96cb.js
    ./src/app/layout.tsx


 GET /api/accounting?include_transactions=true&as_of_date=2026-09-17&start_date=2026-09-01&end_date=2026-09-17&limit=50&offset=0 200 in 26ms (compile: 13ms, proxy.ts: 5ms, render: 8ms)
⚠ [next]/internal/font/google/inter_c15e96cb.module.css
Error while requesting resource
There was an issue establishing a connection while requesting https://fonts.googleapis.com/css2?family=Inter:wght@100..900&display=swap

Import trace:
  Server Component:
    [next]/internal/font/google/inter_c15e96cb.module.css
    [next]/internal/font/google/inter_c15e96cb.js
    ./src/app/layout.tsx


⚠ [next]/internal/font/google/inter_c15e96cb.module.css
next/font: warning:
Failed to download `Inter` from Google Fonts. Using fallback font instead.

Import trace:
  Server Component:
    [next]/internal/font/google/inter_c15e96cb.module.css
    [next]/internal/font/google/inter_c15e96cb.js
    ./src/app/layout.tsx


 GET /accounting 200 in 54ms (compile: 8ms, proxy.ts: 3ms, render: 44ms)
⚠ [next]/internal/font/google/inter_c15e96cb.module.css
Error while requesting resource
There was an issue establishing a connection while requesting https://fonts.googleapis.com/css2?family=Inter:wght@100..900&display=swap

Import trace:
  Server Component:
    [next]/internal/font/google/inter_c15e96cb.module.css
    [next]/internal/font/google/inter_c15e96cb.js
    ./src/app/layout.tsx


⚠ [next]/internal/font/google/inter_c15e96cb.module.css
next/font: warning:
Failed to download `Inter` from Google Fonts. Using fallback font instead.

Import trace:
  Server Component:
    [next]/internal/font/google/inter_c15e96cb.module.css
    [next]/internal/font/google/inter_c15e96cb.js
    ./src/app/layout.tsx


⚠ [next]/internal/font/google/inter_c15e96cb.module.css
Error while requesting resource
There was an issue establishing a connection while requesting https://fonts.googleapis.com/css2?family=Inter:wght@100..900&display=swap

Import trace:
  Server Component:
    [next]/internal/font/google/inter_c15e96cb.module.css
    [next]/internal/font/google/inter_c15e96cb.js
    ./src/app/layout.tsx


⚠ [next]/internal/font/google/inter_c15e96cb.module.css
next/font: warning:
Failed to download `Inter` from Google Fonts. Using fallback font instead.

Import trace:
  Server Component:
    [next]/internal/font/google/inter_c15e96cb.module.css
    [next]/internal/font/google/inter_c15e96cb.js
    ./src/app/layout.tsx


 GET /api/accounting 200 in 20ms (compile: 4ms, proxy.ts: 5ms, render: 11ms)
⚠ [next]/internal/font/google/inter_c15e96cb.module.css
Error while requesting resource
There was an issue establishing a connection while requesting https://fonts.googleapis.com/css2?family=Inter:wght@100..900&display=swap

Import trace:
  Server Component:
    [next]/internal/font/google/inter_c15e96cb.module.css
    [next]/internal/font/google/inter_c15e96cb.js
    ./src/app/layout.tsx


⚠ [next]/internal/font/google/inter_c15e96cb.module.css
next/font: warning:
Failed to download `Inter` from Google Fonts. Using fallback font instead.

Import trace:
  Server Component:
    [next]/internal/font/google/inter_c15e96cb.module.css
    [next]/internal/font/google/inter_c15e96cb.js
    ./src/app/layout.tsx


 GET /api/accounting?view=drafts 200 in 16ms (compile: 6ms, proxy.ts: 5ms, render: 5ms)
⚠ [next]/internal/font/google/inter_c15e96cb.module.css
Error while requesting resource
There was an issue establishing a connection while requesting https://fonts.googleapis.com/css2?family=Inter:wght@100..900&display=swap

Import trace:
  Server Component:
    [next]/internal/font/google/inter_c15e96cb.module.css
    [next]/internal/font/google/inter_c15e96cb.js
    ./src/app/layout.tsx


⚠ [next]/internal/font/google/inter_c15e96cb.module.css
next/font: warning:
Failed to download `Inter` from Google Fonts. Using fallback font instead.

Import trace:
  Server Component:
    [next]/internal/font/google/inter_c15e96cb.module.css
    [next]/internal/font/google/inter_c15e96cb.js
    ./src/app/layout.tsx


 GET /api/accounting?include_transactions=true&as_of_date=2026-09-17&start_date=2026-09-01&end_date=2026-09-17&limit=50&offset=0 200 in 29ms (compile: 14ms, proxy.ts: 5ms, render: 10ms)
⚠ [next]/internal/font/google/inter_c15e96cb.module.css
Error while requesting resource
There was an issue establishing a connection while requesting https://fonts.googleapis.com/css2?family=Inter:wght@100..900&display=swap

Import trace:
  Server Component:
    [next]/internal/font/google/inter_c15e96cb.module.css
    [next]/internal/font/google/inter_c15e96cb.js
    ./src/app/layout.tsx


⚠ [next]/internal/font/google/inter_c15e96cb.module.css
next/font: warning:
Failed to download `Inter` from Google Fonts. Using fallback font instead.

Import trace:
  Server Component:
    [next]/internal/font/google/inter_c15e96cb.module.css
    [next]/internal/font/google/inter_c15e96cb.js
    ./src/app/layout.tsx


 GET /api/accounting?view=drafts 200 in 14ms (compile: 5ms, proxy.ts: 4ms, render: 5ms)
⚠ [next]/internal/font/google/inter_c15e96cb.module.css
Error while requesting resource
There was an issue establishing a connection while requesting https://fonts.googleapis.com/css2?family=Inter:wght@100..900&display=swap

Import trace:
  Server Component:
    [next]/internal/font/google/inter_c15e96cb.module.css
    [next]/internal/font/google/inter_c15e96cb.js
    ./src/app/layout.tsx


⚠ [next]/internal/font/google/inter_c15e96cb.module.css
next/font: warning:
Failed to download `Inter` from Google Fonts. Using fallback font instead.

Import trace:
  Server Component:
    [next]/internal/font/google/inter_c15e96cb.module.css
    [next]/internal/font/google/inter_c15e96cb.js
    ./src/app/layout.tsx


 GET /api/accounting?include_transactions=true&as_of_date=2026-09-17&start_date=2026-09-01&end_date=2026-09-17&limit=50&offset=0 200 in 24ms (compile: 12ms, proxy.ts: 4ms, render: 8ms)
⚠ [next]/internal/font/google/inter_c15e96cb.module.css
Error while requesting resource
There was an issue establishing a connection while requesting https://fonts.googleapis.com/css2?family=Inter:wght@100..900&display=swap

Import trace:
  Server Component:
    [next]/internal/font/google/inter_c15e96cb.module.css
    [next]/internal/font/google/inter_c15e96cb.js
    ./src/app/layout.tsx


⚠ [next]/internal/font/google/inter_c15e96cb.module.css
next/font: warning:
Failed to download `Inter` from Google Fonts. Using fallback font instead.

Import trace:
  Server Component:
    [next]/internal/font/google/inter_c15e96cb.module.css
    [next]/internal/font/google/inter_c15e96cb.js
    ./src/app/layout.tsx


 GET /api/vault 200 in 13ms (compile: 4ms, proxy.ts: 3ms, render: 7ms)
⚠ [next]/internal/font/google/inter_c15e96cb.module.css
Error while requesting resource
There was an issue establishing a connection while requesting https://fonts.googleapis.com/css2?family=Inter:wght@100..900&display=swap

Import trace:
  Server Component:
    [next]/internal/font/google/inter_c15e96cb.module.css
    [next]/internal/font/google/inter_c15e96cb.js
    ./src/app/layout.tsx


⚠ [next]/internal/font/google/inter_c15e96cb.module.css
next/font: warning:
Failed to download `Inter` from Google Fonts. Using fallback font instead.

Import trace:
  Server Component:
    [next]/internal/font/google/inter_c15e96cb.module.css
    [next]/internal/font/google/inter_c15e96cb.js
    ./src/app/layout.tsx


 POST /api/accounting 200 in 17ms (compile: 3ms, proxy.ts: 3ms, render: 11ms)
⚠ [next]/internal/font/google/inter_c15e96cb.module.css
Error while requesting resource
There was an issue establishing a connection while requesting https://fonts.googleapis.com/css2?family=Inter:wght@100..900&display=swap

Import trace:
  Server Component:
    [next]/internal/font/google/inter_c15e96cb.module.css
    [next]/internal/font/google/inter_c15e96cb.js
    ./src/app/layout.tsx


⚠ [next]/internal/font/google/inter_c15e96cb.module.css
next/font: warning:
Failed to download `Inter` from Google Fonts. Using fallback font instead.

Import trace:
  Server Component:
    [next]/internal/font/google/inter_c15e96cb.module.css
    [next]/internal/font/google/inter_c15e96cb.js
    ./src/app/layout.tsx


 GET /api/accounting?view=drafts 200 in 10ms (compile: 3ms, proxy.ts: 3ms, render: 5ms)
⚠ [next]/internal/font/google/inter_c15e96cb.module.css
Error while requesting resource
There was an issue establishing a connection while requesting https://fonts.googleapis.com/css2?family=Inter:wght@100..900&display=swap

Import trace:
  Server Component:
    [next]/internal/font/google/inter_c15e96cb.module.css
    [next]/internal/font/google/inter_c15e96cb.js
    ./src/app/layout.tsx


⚠ [next]/internal/font/google/inter_c15e96cb.module.css
next/font: warning:
Failed to download `Inter` from Google Fonts. Using fallback font instead.

Import trace:
  Server Component:
    [next]/internal/font/google/inter_c15e96cb.module.css
    [next]/internal/font/google/inter_c15e96cb.js
    ./src/app/layout.tsx


 GET /api/accounting?view=drafts 200 in 13ms (compile: 3ms, proxy.ts: 3ms, render: 7ms)
⚠ [next]/internal/font/google/inter_c15e96cb.module.css
Error while requesting resource
There was an issue establishing a connection while requesting https://fonts.googleapis.com/css2?family=Inter:wght@100..900&display=swap

Import trace:
  Server Component:
    [next]/internal/font/google/inter_c15e96cb.module.css
    [next]/internal/font/google/inter_c15e96cb.js
    ./src/app/layout.tsx


⚠ [next]/internal/font/google/inter_c15e96cb.module.css
next/font: warning:
Failed to download `Inter` from Google Fonts. Using fallback font instead.

Import trace:
  Server Component:
    [next]/internal/font/google/inter_c15e96cb.module.css
    [next]/internal/font/google/inter_c15e96cb.js
    ./src/app/layout.tsx


 GET /privacy 200 in 1592ms (compile: 1458ms, proxy.ts: 2ms, render: 132ms)
⚠ [next]/internal/font/google/inter_c15e96cb.module.css
Error while requesting resource
There was an issue establishing a connection while requesting https://fonts.googleapis.com/css2?family=Inter:wght@100..900&display=swap

Import trace:
  Server Component:
    [next]/internal/font/google/inter_c15e96cb.module.css
    [next]/internal/font/google/inter_c15e96cb.js
    ./src/app/layout.tsx


⚠ [next]/internal/font/google/inter_c15e96cb.module.css
next/font: warning:
Failed to download `Inter` from Google Fonts. Using fallback font instead.

Import trace:
  Server Component:
    [next]/internal/font/google/inter_c15e96cb.module.css
    [next]/internal/font/google/inter_c15e96cb.js
    ./src/app/layout.tsx


⚠ [next]/internal/font/google/inter_c15e96cb.module.css
Error while requesting resource
There was an issue establishing a connection while requesting https://fonts.googleapis.com/css2?family=Inter:wght@100..900&display=swap

Import trace:
  Server Component:
    [next]/internal/font/google/inter_c15e96cb.module.css
    [next]/internal/font/google/inter_c15e96cb.js
    ./src/app/layout.tsx


⚠ [next]/internal/font/google/inter_c15e96cb.module.css
next/font: warning:
Failed to download `Inter` from Google Fonts. Using fallback font instead.

Import trace:
  Server Component:
    [next]/internal/font/google/inter_c15e96cb.module.css
    [next]/internal/font/google/inter_c15e96cb.js
    ./src/app/layout.tsx


⚠ [next]/internal/font/google/inter_c15e96cb.module.css
Error while requesting resource
There was an issue establishing a connection while requesting https://fonts.googleapis.com/css2?family=Inter:wght@100..900&display=swap

Import trace:
  Server Component:
    [next]/internal/font/google/inter_c15e96cb.module.css
    [next]/internal/font/google/inter_c15e96cb.js
    ./src/app/layout.tsx


⚠ [next]/internal/font/google/inter_c15e96cb.module.css
next/font: warning:
Failed to download `Inter` from Google Fonts. Using fallback font instead.

Import trace:
  Server Component:
    [next]/internal/font/google/inter_c15e96cb.module.css
    [next]/internal/font/google/inter_c15e96cb.js
    ./src/app/layout.tsx


⚠ [next]/internal/font/google/inter_c15e96cb.module.css
Error while requesting resource
There was an issue establishing a connection while requesting https://fonts.googleapis.com/css2?family=Inter:wght@100..900&display=swap

Import trace:
  Server Component:
    [next]/internal/font/google/inter_c15e96cb.module.css
    [next]/internal/font/google/inter_c15e96cb.js
    ./src/app/layout.tsx


⚠ [next]/internal/font/google/inter_c15e96cb.module.css
next/font: warning:
Failed to download `Inter` from Google Fonts. Using fallback font instead.

Import trace:
  Server Component:
    [next]/internal/font/google/inter_c15e96cb.module.css
    [next]/internal/font/google/inter_c15e96cb.js
    ./src/app/layout.tsx


 GET /api/vault 200 in 14ms (compile: 4ms, proxy.ts: 3ms, render: 7ms)
⚠ [next]/internal/font/google/inter_c15e96cb.module.css
Error while requesting resource
There was an issue establishing a connection while requesting https://fonts.googleapis.com/css2?family=Inter:wght@100..900&display=swap

Import trace:
  Server Component:
    [next]/internal/font/google/inter_c15e96cb.module.css
    [next]/internal/font/google/inter_c15e96cb.js
    ./src/app/layout.tsx


⚠ [next]/internal/font/google/inter_c15e96cb.module.css
next/font: warning:
Failed to download `Inter` from Google Fonts. Using fallback font instead.

Import trace:
  Server Component:
    [next]/internal/font/google/inter_c15e96cb.module.css
    [next]/internal/font/google/inter_c15e96cb.js
    ./src/app/layout.tsx


⚠ [next]/internal/font/google/inter_c15e96cb.module.css
Error while requesting resource
There was an issue establishing a connection while requesting https://fonts.googleapis.com/css2?family=Inter:wght@100..900&display=swap

Import trace:
  Server Component:
    [next]/internal/font/google/inter_c15e96cb.module.css
    [next]/internal/font/google/inter_c15e96cb.js
    ./src/app/layout.tsx


⚠ [next]/internal/font/google/inter_c15e96cb.module.css
next/font: warning:
Failed to download `Inter` from Google Fonts. Using fallback font instead.

Import trace:
  Server Component:
    [next]/internal/font/google/inter_c15e96cb.module.css
    [next]/internal/font/google/inter_c15e96cb.js
    ./src/app/layout.tsx


 GET /api/vault 200 in 13ms (compile: 4ms, proxy.ts: 3ms, render: 6ms)
⚠ [next]/internal/font/google/inter_c15e96cb.module.css
Error while requesting resource
There was an issue establishing a connection while requesting https://fonts.googleapis.com/css2?family=Inter:wght@100..900&display=swap

Import trace:
  Server Component:
    [next]/internal/font/google/inter_c15e96cb.module.css
    [next]/internal/font/google/inter_c15e96cb.js
    ./src/app/layout.tsx


⚠ [next]/internal/font/google/inter_c15e96cb.module.css
next/font: warning:
Failed to download `Inter` from Google Fonts. Using fallback font instead.

Import trace:
  Server Component:
    [next]/internal/font/google/inter_c15e96cb.module.css
    [next]/internal/font/google/inter_c15e96cb.js
    ./src/app/layout.tsx


⚠ [next]/internal/font/google/inter_c15e96cb.module.css
Error while requesting resource
There was an issue establishing a connection while requesting https://fonts.googleapis.com/css2?family=Inter:wght@100..900&display=swap

Import trace:
  Server Component:
    [next]/internal/font/google/inter_c15e96cb.module.css
    [next]/internal/font/google/inter_c15e96cb.js
    ./src/app/layout.tsx


⚠ [next]/internal/font/google/inter_c15e96cb.module.css
next/font: warning:
Failed to download `Inter` from Google Fonts. Using fallback font instead.

Import trace:
  Server Component:
    [next]/internal/font/google/inter_c15e96cb.module.css
    [next]/internal/font/google/inter_c15e96cb.js
    ./src/app/layout.tsx


Vault POST Error: Error: Unsupported currency "JPY" in account "TEST Yen". Supported currencies: USD, AUD, EUR, GBP, CAD, NZD, CHF, JPY, SGD, HKD
    at checkCurrency (src\app\api\vault\route.ts:599:27)
    at POST (src\app\api\vault\route.ts:603:48)
  597 |             const checkCurrency = (curr: any, context: string) => {
  598 |                 if (!curr || typeof curr !== 'string' || !CURRENCY_DECIMALS[curr]) {
> 599 |                     throw new ValidationError(`Unsupported currency "${curr}" in ${context}. Supported currencies: ${Object.keys(CURRENCY_DECIMALS).join(', ')}`);
      |                           ^
  600 |                 }
  601 |             };
  602 |             for (const e of rawVault.entities) checkCurrency(e.currency || 'USD', `entity "${e.name || e.id}"`); {
  statusCode: 400
}
 POST /api/vault 400 in 121ms (compile: 6ms, proxy.ts: 2ms, render: 112ms)
⚠ [next]/internal/font/google/inter_c15e96cb.module.css
Error while requesting resource
There was an issue establishing a connection while requesting https://fonts.googleapis.com/css2?family=Inter:wght@100..900&display=swap

Import trace:
  Server Component:
    [next]/internal/font/google/inter_c15e96cb.module.css
    [next]/internal/font/google/inter_c15e96cb.js
    ./src/app/layout.tsx


⚠ [next]/internal/font/google/inter_c15e96cb.module.css
next/font: warning:
Failed to download `Inter` from Google Fonts. Using fallback font instead.

Import trace:
  Server Component:
    [next]/internal/font/google/inter_c15e96cb.module.css
    [next]/internal/font/google/inter_c15e96cb.js
    ./src/app/layout.tsx


⚠ [next]/internal/font/google/inter_c15e96cb.module.css
Error while requesting resource
There was an issue establishing a connection while requesting https://fonts.googleapis.com/css2?family=Inter:wght@100..900&display=swap

Import trace:
  Server Component:
    [next]/internal/font/google/inter_c15e96cb.module.css
    [next]/internal/font/google/inter_c15e96cb.js
    ./src/app/layout.tsx


⚠ [next]/internal/font/google/inter_c15e96cb.module.css
next/font: warning:
Failed to download `Inter` from Google Fonts. Using fallback font instead.

Import trace:
  Server Component:
    [next]/internal/font/google/inter_c15e96cb.module.css
    [next]/internal/font/google/inter_c15e96cb.js
    ./src/app/layout.tsx


 POST /api/accounting 200 in 15ms (compile: 5ms, proxy.ts: 3ms, render: 6ms)
⚠ [next]/internal/font/google/inter_c15e96cb.module.css
Error while requesting resource
There was an issue establishing a connection while requesting https://fonts.googleapis.com/css2?family=Inter:wght@100..900&display=swap

Import trace:
  Server Component:
    [next]/internal/font/google/inter_c15e96cb.module.css
    [next]/internal/font/google/inter_c15e96cb.js
    ./src/app/layout.tsx


⚠ [next]/internal/font/google/inter_c15e96cb.module.css
next/font: warning:
Failed to download `Inter` from Google Fonts. Using fallback font instead.

Import trace:
  Server Component:
    [next]/internal/font/google/inter_c15e96cb.module.css
    [next]/internal/font/google/inter_c15e96cb.js
    ./src/app/layout.tsx


 GET /accounting 200 in 55ms (compile: 8ms, proxy.ts: 3ms, render: 44ms)
⚠ [next]/internal/font/google/inter_c15e96cb.module.css
Error while requesting resource
There was an issue establishing a connection while requesting https://fonts.googleapis.com/css2?family=Inter:wght@100..900&display=swap

Import trace:
  Server Component:
    [next]/internal/font/google/inter_c15e96cb.module.css
    [next]/internal/font/google/inter_c15e96cb.js
    ./src/app/layout.tsx


⚠ [next]/internal/font/google/inter_c15e96cb.module.css
next/font: warning:
Failed to download `Inter` from Google Fonts. Using fallback font instead.

Import trace:
  Server Component:
    [next]/internal/font/google/inter_c15e96cb.module.css
    [next]/internal/font/google/inter_c15e96cb.js
    ./src/app/layout.tsx


⚠ [next]/internal/font/google/inter_c15e96cb.module.css
Error while requesting resource
There was an issue establishing a connection while requesting https://fonts.googleapis.com/css2?family=Inter:wght@100..900&display=swap

Import trace:
  Server Component:
    [next]/internal/font/google/inter_c15e96cb.module.css
    [next]/internal/font/google/inter_c15e96cb.js
    ./src/app/layout.tsx


⚠ [next]/internal/font/google/inter_c15e96cb.module.css
next/font: warning:
Failed to download `Inter` from Google Fonts. Using fallback font instead.

Import trace:
  Server Component:
    [next]/internal/font/google/inter_c15e96cb.module.css
    [next]/internal/font/google/inter_c15e96cb.js
    ./src/app/layout.tsx


⚠ [next]/internal/font/google/inter_c15e96cb.module.css
Error while requesting resource
There was an issue establishing a connection while requesting https://fonts.googleapis.com/css2?family=Inter:wght@100..900&display=swap

Import trace:
  Server Component:
    [next]/internal/font/google/inter_c15e96cb.module.css
    [next]/internal/font/google/inter_c15e96cb.js
    ./src/app/layout.tsx


⚠ [next]/internal/font/google/inter_c15e96cb.module.css
next/font: warning:
Failed to download `Inter` from Google Fonts. Using fallback font instead.

Import trace:
  Server Component:
    [next]/internal/font/google/inter_c15e96cb.module.css
    [next]/internal/font/google/inter_c15e96cb.js
    ./src/app/layout.tsx


⚠ [next]/internal/font/google/inter_c15e96cb.module.css
Error while requesting resource
There was an issue establishing a connection while requesting https://fonts.googleapis.com/css2?family=Inter:wght@100..900&display=swap

Import trace:
  Server Component:
    [next]/internal/font/google/inter_c15e96cb.module.css
    [next]/internal/font/google/inter_c15e96cb.js
    ./src/app/layout.tsx


⚠ [next]/internal/font/google/inter_c15e96cb.module.css
next/font: warning:
Failed to download `Inter` from Google Fonts. Using fallback font instead.

Import trace:
  Server Component:
    [next]/internal/font/google/inter_c15e96cb.module.css
    [next]/internal/font/google/inter_c15e96cb.js
    ./src/app/layout.tsx


 GET /api/accounting 200 in 15ms (compile: 4ms, proxy.ts: 3ms, render: 9ms)
⚠ [next]/internal/font/google/inter_c15e96cb.module.css
Error while requesting resource
There was an issue establishing a connection while requesting https://fonts.googleapis.com/css2?family=Inter:wght@100..900&display=swap

Import trace:
  Server Component:
    [next]/internal/font/google/inter_c15e96cb.module.css
    [next]/internal/font/google/inter_c15e96cb.js
    ./src/app/layout.tsx


⚠ [next]/internal/font/google/inter_c15e96cb.module.css
next/font: warning:
Failed to download `Inter` from Google Fonts. Using fallback font instead.

Import trace:
  Server Component:
    [next]/internal/font/google/inter_c15e96cb.module.css
    [next]/internal/font/google/inter_c15e96cb.js
    ./src/app/layout.tsx


⚠ [next]/internal/font/google/inter_c15e96cb.module.css
Error while requesting resource
There was an issue establishing a connection while requesting https://fonts.googleapis.com/css2?family=Inter:wght@100..900&display=swap

Import trace:
  Server Component:
    [next]/internal/font/google/inter_c15e96cb.module.css
    [next]/internal/font/google/inter_c15e96cb.js
    ./src/app/layout.tsx


⚠ [next]/internal/font/google/inter_c15e96cb.module.css
next/font: warning:
Failed to download `Inter` from Google Fonts. Using fallback font instead.

Import trace:
  Server Component:
    [next]/internal/font/google/inter_c15e96cb.module.css
    [next]/internal/font/google/inter_c15e96cb.js
    ./src/app/layout.tsx


 GET /api/accounting?view=drafts 200 in 13ms (compile: 4ms, proxy.ts: 3ms, render: 6ms)
⚠ [next]/internal/font/google/inter_c15e96cb.module.css
Error while requesting resource
There was an issue establishing a connection while requesting https://fonts.googleapis.com/css2?family=Inter:wght@100..900&display=swap

Import trace:
  Server Component:
    [next]/internal/font/google/inter_c15e96cb.module.css
    [next]/internal/font/google/inter_c15e96cb.js
    ./src/app/layout.tsx


⚠ [next]/internal/font/google/inter_c15e96cb.module.css
next/font: warning:
Failed to download `Inter` from Google Fonts. Using fallback font instead.

Import trace:
  Server Component:
    [next]/internal/font/google/inter_c15e96cb.module.css
    [next]/internal/font/google/inter_c15e96cb.js
    ./src/app/layout.tsx


⚠ [next]/internal/font/google/inter_c15e96cb.module.css
Error while requesting resource
There was an issue establishing a connection while requesting https://fonts.googleapis.com/css2?family=Inter:wght@100..900&display=swap

Import trace:
  Server Component:
    [next]/internal/font/google/inter_c15e96cb.module.css
    [next]/internal/font/google/inter_c15e96cb.js
    ./src/app/layout.tsx


⚠ [next]/internal/font/google/inter_c15e96cb.module.css
next/font: warning:
Failed to download `Inter` from Google Fonts. Using fallback font instead.

Import trace:
  Server Component:
    [next]/internal/font/google/inter_c15e96cb.module.css
    [next]/internal/font/google/inter_c15e96cb.js
    ./src/app/layout.tsx


 GET /api/accounting?include_transactions=true&as_of_date=2026-09-17&start_date=2026-09-01&end_date=2026-09-17&limit=50&offset=0 200 in 25ms (compile: 12ms, proxy.ts: 3ms, render: 9ms)
⚠ [next]/internal/font/google/inter_c15e96cb.module.css
Error while requesting resource
There was an issue establishing a connection while requesting https://fonts.googleapis.com/css2?family=Inter:wght@100..900&display=swap

Import trace:
  Server Component:
    [next]/internal/font/google/inter_c15e96cb.module.css
    [next]/internal/font/google/inter_c15e96cb.js
    ./src/app/layout.tsx


⚠ [next]/internal/font/google/inter_c15e96cb.module.css
next/font: warning:
Failed to download `Inter` from Google Fonts. Using fallback font instead.

Import trace:
  Server Component:
    [next]/internal/font/google/inter_c15e96cb.module.css
    [next]/internal/font/google/inter_c15e96cb.js
    ./src/app/layout.tsx


⚠ [next]/internal/font/google/inter_c15e96cb.module.css
Error while requesting resource
There was an issue establishing a connection while requesting https://fonts.googleapis.com/css2?family=Inter:wght@100..900&display=swap

Import trace:
  Server Component:
    [next]/internal/font/google/inter_c15e96cb.module.css
    [next]/internal/font/google/inter_c15e96cb.js
    ./src/app/layout.tsx


⚠ [next]/internal/font/google/inter_c15e96cb.module.css
next/font: warning:
Failed to download `Inter` from Google Fonts. Using fallback font instead.

Import trace:
  Server Component:
    [next]/internal/font/google/inter_c15e96cb.module.css
    [next]/internal/font/google/inter_c15e96cb.js
    ./src/app/layout.tsx


 GET /api/accounting?view=drafts 200 in 11ms (compile: 4ms, proxy.ts: 3ms, render: 4ms)
⚠ [next]/internal/font/google/inter_c15e96cb.module.css
Error while requesting resource
There was an issue establishing a connection while requesting https://fonts.googleapis.com/css2?family=Inter:wght@100..900&display=swap

Import trace:
  Server Component:
    [next]/internal/font/google/inter_c15e96cb.module.css
    [next]/internal/font/google/inter_c15e96cb.js
    ./src/app/layout.tsx


⚠ [next]/internal/font/google/inter_c15e96cb.module.css
next/font: warning:
Failed to download `Inter` from Google Fonts. Using fallback font instead.

Import trace:
  Server Component:
    [next]/internal/font/google/inter_c15e96cb.module.css
    [next]/internal/font/google/inter_c15e96cb.js
    ./src/app/layout.tsx


⚠ [next]/internal/font/google/inter_c15e96cb.module.css
Error while requesting resource
There was an issue establishing a connection while requesting https://fonts.googleapis.com/css2?family=Inter:wght@100..900&display=swap

Import trace:
  Server Component:
    [next]/internal/font/google/inter_c15e96cb.module.css
    [next]/internal/font/google/inter_c15e96cb.js
    ./src/app/layout.tsx


⚠ [next]/internal/font/google/inter_c15e96cb.module.css
next/font: warning:
Failed to download `Inter` from Google Fonts. Using fallback font instead.

Import trace:
  Server Component:
    [next]/internal/font/google/inter_c15e96cb.module.css
    [next]/internal/font/google/inter_c15e96cb.js
    ./src/app/layout.tsx


 GET /api/accounting?include_transactions=true&as_of_date=2026-09-17&start_date=2026-09-01&end_date=2026-09-17&limit=50&offset=0 200 in 21ms (compile: 10ms, proxy.ts: 3ms, render: 8ms)
⚠ [next]/internal/font/google/inter_c15e96cb.module.css
Error while requesting resource
There was an issue establishing a connection while requesting https://fonts.googleapis.com/css2?family=Inter:wght@100..900&display=swap

Import trace:
  Server Component:
    [next]/internal/font/google/inter_c15e96cb.module.css
    [next]/internal/font/google/inter_c15e96cb.js
    ./src/app/layout.tsx


⚠ [next]/internal/font/google/inter_c15e96cb.module.css
next/font: warning:
Failed to download `Inter` from Google Fonts. Using fallback font instead.

Import trace:
  Server Component:
    [next]/internal/font/google/inter_c15e96cb.module.css
    [next]/internal/font/google/inter_c15e96cb.js
    ./src/app/layout.tsx


⚠ [next]/internal/font/google/inter_c15e96cb.module.css
Error while requesting resource
There was an issue establishing a connection while requesting https://fonts.googleapis.com/css2?family=Inter:wght@100..900&display=swap

Import trace:
  Server Component:
    [next]/internal/font/google/inter_c15e96cb.module.css
    [next]/internal/font/google/inter_c15e96cb.js
    ./src/app/layout.tsx


⚠ [next]/internal/font/google/inter_c15e96cb.module.css
next/font: warning:
Failed to download `Inter` from Google Fonts. Using fallback font instead.

Import trace:
  Server Component:
    [next]/internal/font/google/inter_c15e96cb.module.css
    [next]/internal/font/google/inter_c15e96cb.js
    ./src/app/layout.tsx


 GET /api/vault 200 in 12ms (compile: 3ms, proxy.ts: 2ms, render: 7ms)
⚠ [next]/internal/font/google/inter_c15e96cb.module.css
Error while requesting resource
There was an issue establishing a connection while requesting https://fonts.googleapis.com/css2?family=Inter:wght@100..900&display=swap

Import trace:
  Server Component:
    [next]/internal/font/google/inter_c15e96cb.module.css
    [next]/internal/font/google/inter_c15e96cb.js
    ./src/app/layout.tsx


⚠ [next]/internal/font/google/inter_c15e96cb.module.css
next/font: warning:
Failed to download `Inter` from Google Fonts. Using fallback font instead.

Import trace:
  Server Component:
    [next]/internal/font/google/inter_c15e96cb.module.css
    [next]/internal/font/google/inter_c15e96cb.js
    ./src/app/layout.tsx


⚠ [next]/internal/font/google/inter_c15e96cb.module.css
Error while requesting resource
There was an issue establishing a connection while requesting https://fonts.googleapis.com/css2?family=Inter:wght@100..900&display=swap

Import trace:
  Server Component:
    [next]/internal/font/google/inter_c15e96cb.module.css
    [next]/internal/font/google/inter_c15e96cb.js
    ./src/app/layout.tsx


⚠ [next]/internal/font/google/inter_c15e96cb.module.css
next/font: warning:
Failed to download `Inter` from Google Fonts. Using fallback font instead.

Import trace:
  Server Component:
    [next]/internal/font/google/inter_c15e96cb.module.css
    [next]/internal/font/google/inter_c15e96cb.js
    ./src/app/layout.tsx


 POST /api/accounting 200 in 13ms (compile: 4ms, proxy.ts: 4ms, render: 5ms)
⚠ [next]/internal/font/google/inter_c15e96cb.module.css
Error while requesting resource
There was an issue establishing a connection while requesting https://fonts.googleapis.com/css2?family=Inter:wght@100..900&display=swap

Import trace:
  Server Component:
    [next]/internal/font/google/inter_c15e96cb.module.css
    [next]/internal/font/google/inter_c15e96cb.js
    ./src/app/layout.tsx


⚠ [next]/internal/font/google/inter_c15e96cb.module.css
next/font: warning:
Failed to download `Inter` from Google Fonts. Using fallback font instead.

Import trace:
  Server Component:
    [next]/internal/font/google/inter_c15e96cb.module.css
    [next]/internal/font/google/inter_c15e96cb.js
    ./src/app/layout.tsx


⚠ [next]/internal/font/google/inter_c15e96cb.module.css
Error while requesting resource
There was an issue establishing a connection while requesting https://fonts.googleapis.com/css2?family=Inter:wght@100..900&display=swap

Import trace:
  Server Component:
    [next]/internal/font/google/inter_c15e96cb.module.css
    [next]/internal/font/google/inter_c15e96cb.js
    ./src/app/layout.tsx


⚠ [next]/internal/font/google/inter_c15e96cb.module.css
next/font: warning:
Failed to download `Inter` from Google Fonts. Using fallback font instead.

Import trace:
  Server Component:
    [next]/internal/font/google/inter_c15e96cb.module.css
    [next]/internal/font/google/inter_c15e96cb.js
    ./src/app/layout.tsx


 GET /api/accounting?view=drafts 200 in 11ms (compile: 3ms, proxy.ts: 2ms, render: 5ms)
⚠ [next]/internal/font/google/inter_c15e96cb.module.css
Error while requesting resource
There was an issue establishing a connection while requesting https://fonts.googleapis.com/css2?family=Inter:wght@100..900&display=swap

Import trace:
  Server Component:
    [next]/internal/font/google/inter_c15e96cb.module.css
    [next]/internal/font/google/inter_c15e96cb.js
    ./src/app/layout.tsx


⚠ [next]/internal/font/google/inter_c15e96cb.module.css
next/font: warning:
Failed to download `Inter` from Google Fonts. Using fallback font instead.

Import trace:
  Server Component:
    [next]/internal/font/google/inter_c15e96cb.module.css
    [next]/internal/font/google/inter_c15e96cb.js
    ./src/app/layout.tsx


⚠ [next]/internal/font/google/inter_c15e96cb.module.css
Error while requesting resource
There was an issue establishing a connection while requesting https://fonts.googleapis.com/css2?family=Inter:wght@100..900&display=swap

Import trace:
  Server Component:
    [next]/internal/font/google/inter_c15e96cb.module.css
    [next]/internal/font/google/inter_c15e96cb.js
    ./src/app/layout.tsx


⚠ [next]/internal/font/google/inter_c15e96cb.module.css
next/font: warning:
Failed to download `Inter` from Google Fonts. Using fallback font instead.

Import trace:
  Server Component:
    [next]/internal/font/google/inter_c15e96cb.module.css
    [next]/internal/font/google/inter_c15e96cb.js
    ./src/app/layout.tsx


 GET /api/accounting?view=drafts 200 in 12ms (compile: 4ms, proxy.ts: 3ms, render: 5ms)
⚠ [next]/internal/font/google/inter_c15e96cb.module.css
Error while requesting resource
There was an issue establishing a connection while requesting https://fonts.googleapis.com/css2?family=Inter:wght@100..900&display=swap

Import trace:
  Server Component:
    [next]/internal/font/google/inter_c15e96cb.module.css
    [next]/internal/font/google/inter_c15e96cb.js
    ./src/app/layout.tsx


⚠ [next]/internal/font/google/inter_c15e96cb.module.css
next/font: warning:
Failed to download `Inter` from Google Fonts. Using fallback font instead.

Import trace:
  Server Component:
    [next]/internal/font/google/inter_c15e96cb.module.css
    [next]/internal/font/google/inter_c15e96cb.js
    ./src/app/layout.tsx


⚠ [next]/internal/font/google/inter_c15e96cb.module.css
Error while requesting resource
There was an issue establishing a connection while requesting https://fonts.googleapis.com/css2?family=Inter:wght@100..900&display=swap

Import trace:
  Server Component:
    [next]/internal/font/google/inter_c15e96cb.module.css
    [next]/internal/font/google/inter_c15e96cb.js
    ./src/app/layout.tsx


⚠ [next]/internal/font/google/inter_c15e96cb.module.css
next/font: warning:
Failed to download `Inter` from Google Fonts. Using fallback font instead.

Import trace:
  Server Component:
    [next]/internal/font/google/inter_c15e96cb.module.css
    [next]/internal/font/google/inter_c15e96cb.js
    ./src/app/layout.tsx


 GET /api/accounting 200 in 16ms (compile: 4ms, proxy.ts: 3ms, render: 9ms)
⚠ [next]/internal/font/google/inter_c15e96cb.module.css
Error while requesting resource
There was an issue establishing a connection while requesting https://fonts.googleapis.com/css2?family=Inter:wght@100..900&display=swap

Import trace:
  Server Component:
    [next]/internal/font/google/inter_c15e96cb.module.css
    [next]/internal/font/google/inter_c15e96cb.js
    ./src/app/layout.tsx


⚠ [next]/internal/font/google/inter_c15e96cb.module.css
next/font: warning:
Failed to download `Inter` from Google Fonts. Using fallback font instead.

Import trace:
  Server Component:
    [next]/internal/font/google/inter_c15e96cb.module.css
    [next]/internal/font/google/inter_c15e96cb.js
    ./src/app/layout.tsx


⚠ [next]/internal/font/google/inter_c15e96cb.module.css
Error while requesting resource
There was an issue establishing a connection while requesting https://fonts.googleapis.com/css2?family=Inter:wght@100..900&display=swap

Import trace:
  Server Component:
    [next]/internal/font/google/inter_c15e96cb.module.css
    [next]/internal/font/google/inter_c15e96cb.js
    ./src/app/layout.tsx


⚠ [next]/internal/font/google/inter_c15e96cb.module.css
next/font: warning:
Failed to download `Inter` from Google Fonts. Using fallback font instead.

Import trace:
  Server Component:
    [next]/internal/font/google/inter_c15e96cb.module.css
    [next]/internal/font/google/inter_c15e96cb.js
    ./src/app/layout.tsx


 POST /api/accounting 200 in 20ms (compile: 4ms, proxy.ts: 2ms, render: 13ms)
⚠ [next]/internal/font/google/inter_c15e96cb.module.css
Error while requesting resource
There was an issue establishing a connection while requesting https://fonts.googleapis.com/css2?family=Inter:wght@100..900&display=swap

Import trace:
  Server Component:
    [next]/internal/font/google/inter_c15e96cb.module.css
    [next]/internal/font/google/inter_c15e96cb.js
    ./src/app/layout.tsx


⚠ [next]/internal/font/google/inter_c15e96cb.module.css
next/font: warning:
Failed to download `Inter` from Google Fonts. Using fallback font instead.

Import trace:
  Server Component:
    [next]/internal/font/google/inter_c15e96cb.module.css
    [next]/internal/font/google/inter_c15e96cb.js
    ./src/app/layout.tsx


⚠ [next]/internal/font/google/inter_c15e96cb.module.css
Error while requesting resource
There was an issue establishing a connection while requesting https://fonts.googleapis.com/css2?family=Inter:wght@100..900&display=swap

Import trace:
  Server Component:
    [next]/internal/font/google/inter_c15e96cb.module.css
    [next]/internal/font/google/inter_c15e96cb.js
    ./src/app/layout.tsx


⚠ [next]/internal/font/google/inter_c15e96cb.module.css
next/font: warning:
Failed to download `Inter` from Google Fonts. Using fallback font instead.

Import trace:
  Server Component:
    [next]/internal/font/google/inter_c15e96cb.module.css
    [next]/internal/font/google/inter_c15e96cb.js
    ./src/app/layout.tsx


 POST /api/accounting 200 in 25ms (compile: 11ms, proxy.ts: 6ms, render: 9ms)
