▲ Next.js 16.1.1 (Turbopack)
- Local:         http://localhost:4007
- Network:       http://192.168.1.5:4007
- Environments: .env.local

✓ Starting...

  We detected TypeScript in your project and reconfigured your tsconfig.json file for you.
  The following suggested values were added to your tsconfig.json. These values can be changed to fit your project's needs:

  	- include was updated to add '.next-test/assessor-delivery1-recheck/types/**/*.ts'
  	- include was updated to add '.next-test/assessor-delivery1-recheck/dev/types/**/*.ts'

✓ Ready in 809ms
○ Compiling / ...
⚠ [next]/internal/font/google/inter_c15e96cb.module.css
Error while requesting resource
There was an issue establishing a connection while requesting https://fonts.googleapis.com/css2?family=Inter:wght@100..900&display=swap

Import trace:
  Server Component:
    [next]/internal/font/google/inter_c15e96cb.module.css
    [next]/internal/font/google/inter_c15e96cb.js
    ./src/app/layout.tsx


⚠ [next]/internal/font/google/inter_c15e96cb.module.css
next/font: warning:
Failed to download `Inter` from Google Fonts. Using fallback font instead.

Import trace:
  Server Component:
    [next]/internal/font/google/inter_c15e96cb.module.css
    [next]/internal/font/google/inter_c15e96cb.js
    ./src/app/layout.tsx


 GET / 200 in 4.4s (compile: 4.2s, proxy.ts: 76ms, render: 196ms)
⚠ [next]/internal/font/google/inter_c15e96cb.module.css
Error while requesting resource
There was an issue establishing a connection while requesting https://fonts.googleapis.com/css2?family=Inter:wght@100..900&display=swap

Import trace:
  Server Component:
    [next]/internal/font/google/inter_c15e96cb.module.css
    [next]/internal/font/google/inter_c15e96cb.js
    ./src/app/layout.tsx


⚠ [next]/internal/font/google/inter_c15e96cb.module.css
next/font: warning:
Failed to download `Inter` from Google Fonts. Using fallback font instead.

Import trace:
  Server Component:
    [next]/internal/font/google/inter_c15e96cb.module.css
    [next]/internal/font/google/inter_c15e96cb.js
    ./src/app/layout.tsx


⚠ [next]/internal/font/google/inter_c15e96cb.module.css
Error while requesting resource
There was an issue establishing a connection while requesting https://fonts.googleapis.com/css2?family=Inter:wght@100..900&display=swap

Import trace:
  Server Component:
    [next]/internal/font/google/inter_c15e96cb.module.css
    [next]/internal/font/google/inter_c15e96cb.js
    ./src/app/layout.tsx


⚠ [next]/internal/font/google/inter_c15e96cb.module.css
next/font: warning:
Failed to download `Inter` from Google Fonts. Using fallback font instead.

Import trace:
  Server Component:
    [next]/internal/font/google/inter_c15e96cb.module.css
    [next]/internal/font/google/inter_c15e96cb.js
    ./src/app/layout.tsx


 GET /api/vault 200 in 296ms (compile: 269ms, proxy.ts: 6ms, render: 22ms)
⚠ [next]/internal/font/google/inter_c15e96cb.module.css
Error while requesting resource
There was an issue establishing a connection while requesting https://fonts.googleapis.com/css2?family=Inter:wght@100..900&display=swap

Import trace:
  Server Component:
    [next]/internal/font/google/inter_c15e96cb.module.css
    [next]/internal/font/google/inter_c15e96cb.js
    ./src/app/layout.tsx


⚠ [next]/internal/font/google/inter_c15e96cb.module.css
next/font: warning:
Failed to download `Inter` from Google Fonts. Using fallback font instead.

Import trace:
  Server Component:
    [next]/internal/font/google/inter_c15e96cb.module.css
    [next]/internal/font/google/inter_c15e96cb.js
    ./src/app/layout.tsx


 GET /api/accounting/balances? 200 in 382ms (compile: 363ms, proxy.ts: 6ms, render: 13ms)
⚠ [next]/internal/font/google/inter_c15e96cb.module.css
Error while requesting resource
There was an issue establishing a connection while requesting https://fonts.googleapis.com/css2?family=Inter:wght@100..900&display=swap

Import trace:
  Server Component:
    [next]/internal/font/google/inter_c15e96cb.module.css
    [next]/internal/font/google/inter_c15e96cb.js
    ./src/app/layout.tsx


⚠ [next]/internal/font/google/inter_c15e96cb.module.css
next/font: warning:
Failed to download `Inter` from Google Fonts. Using fallback font instead.

Import trace:
  Server Component:
    [next]/internal/font/google/inter_c15e96cb.module.css
    [next]/internal/font/google/inter_c15e96cb.js
    ./src/app/layout.tsx


 GET /api/accounting/balances? 200 in 13ms (compile: 4ms, proxy.ts: 3ms, render: 6ms)
⚠ [next]/internal/font/google/inter_c15e96cb.module.css
Error while requesting resource
There was an issue establishing a connection while requesting https://fonts.googleapis.com/css2?family=Inter:wght@100..900&display=swap

Import trace:
  Server Component:
    [next]/internal/font/google/inter_c15e96cb.module.css
    [next]/internal/font/google/inter_c15e96cb.js
    ./src/app/layout.tsx


⚠ [next]/internal/font/google/inter_c15e96cb.module.css
next/font: warning:
Failed to download `Inter` from Google Fonts. Using fallback font instead.

Import trace:
  Server Component:
    [next]/internal/font/google/inter_c15e96cb.module.css
    [next]/internal/font/google/inter_c15e96cb.js
    ./src/app/layout.tsx


 GET /api/accounting/balances? 200 in 14ms (compile: 4ms, proxy.ts: 3ms, render: 6ms)
⚠ [next]/internal/font/google/inter_c15e96cb.module.css
Error while requesting resource
There was an issue establishing a connection while requesting https://fonts.googleapis.com/css2?family=Inter:wght@100..900&display=swap

Import trace:
  Server Component:
    [next]/internal/font/google/inter_c15e96cb.module.css
    [next]/internal/font/google/inter_c15e96cb.js
    ./src/app/layout.tsx


⚠ [next]/internal/font/google/inter_c15e96cb.module.css
next/font: warning:
Failed to download `Inter` from Google Fonts. Using fallback font instead.

Import trace:
  Server Component:
    [next]/internal/font/google/inter_c15e96cb.module.css
    [next]/internal/font/google/inter_c15e96cb.js
    ./src/app/layout.tsx


 GET /api/accounting 200 in 116ms (compile: 107ms, proxy.ts: 2ms, render: 7ms)
⚠ [next]/internal/font/google/inter_c15e96cb.module.css
Error while requesting resource
There was an issue establishing a connection while requesting https://fonts.googleapis.com/css2?family=Inter:wght@100..900&display=swap

Import trace:
  Server Component:
    [next]/internal/font/google/inter_c15e96cb.module.css
    [next]/internal/font/google/inter_c15e96cb.js
    ./src/app/layout.tsx


⚠ [next]/internal/font/google/inter_c15e96cb.module.css
next/font: warning:
Failed to download `Inter` from Google Fonts. Using fallback font instead.

Import trace:
  Server Component:
    [next]/internal/font/google/inter_c15e96cb.module.css
    [next]/internal/font/google/inter_c15e96cb.js
    ./src/app/layout.tsx


 GET /api/accounting 200 in 16ms (compile: 4ms, proxy.ts: 3ms, render: 9ms)
⚠ [next]/internal/font/google/inter_c15e96cb.module.css
Error while requesting resource
There was an issue establishing a connection while requesting https://fonts.googleapis.com/css2?family=Inter:wght@100..900&display=swap

Import trace:
  Server Component:
    [next]/internal/font/google/inter_c15e96cb.module.css
    [next]/internal/font/google/inter_c15e96cb.js
    ./src/app/layout.tsx


⚠ [next]/internal/font/google/inter_c15e96cb.module.css
next/font: warning:
Failed to download `Inter` from Google Fonts. Using fallback font instead.

Import trace:
  Server Component:
    [next]/internal/font/google/inter_c15e96cb.module.css
    [next]/internal/font/google/inter_c15e96cb.js
    ./src/app/layout.tsx


 POST /api/accounting/balances/parse-table 200 in 140ms (compile: 122ms, proxy.ts: 4ms, render: 13ms)
⚠ [next]/internal/font/google/inter_c15e96cb.module.css
Error while requesting resource
There was an issue establishing a connection while requesting https://fonts.googleapis.com/css2?family=Inter:wght@100..900&display=swap

Import trace:
  Server Component:
    [next]/internal/font/google/inter_c15e96cb.module.css
    [next]/internal/font/google/inter_c15e96cb.js
    ./src/app/layout.tsx


⚠ [next]/internal/font/google/inter_c15e96cb.module.css
next/font: warning:
Failed to download `Inter` from Google Fonts. Using fallback font instead.

Import trace:
  Server Component:
    [next]/internal/font/google/inter_c15e96cb.module.css
    [next]/internal/font/google/inter_c15e96cb.js
    ./src/app/layout.tsx


 POST /api/accounting/balances 200 in 20ms (compile: 5ms, proxy.ts: 4ms, render: 11ms)
⚠ [next]/internal/font/google/inter_c15e96cb.module.css
Error while requesting resource
There was an issue establishing a connection while requesting https://fonts.googleapis.com/css2?family=Inter:wght@100..900&display=swap

Import trace:
  Server Component:
    [next]/internal/font/google/inter_c15e96cb.module.css
    [next]/internal/font/google/inter_c15e96cb.js
    ./src/app/layout.tsx


⚠ [next]/internal/font/google/inter_c15e96cb.module.css
next/font: warning:
Failed to download `Inter` from Google Fonts. Using fallback font instead.

Import trace:
  Server Component:
    [next]/internal/font/google/inter_c15e96cb.module.css
    [next]/internal/font/google/inter_c15e96cb.js
    ./src/app/layout.tsx


 GET /api/accounting/balances? 200 in 14ms (compile: 4ms, proxy.ts: 2ms, render: 7ms)
⚠ [next]/internal/font/google/inter_c15e96cb.module.css
Error while requesting resource
There was an issue establishing a connection while requesting https://fonts.googleapis.com/css2?family=Inter:wght@100..900&display=swap

Import trace:
  Server Component:
    [next]/internal/font/google/inter_c15e96cb.module.css
    [next]/internal/font/google/inter_c15e96cb.js
    ./src/app/layout.tsx


⚠ [next]/internal/font/google/inter_c15e96cb.module.css
next/font: warning:
Failed to download `Inter` from Google Fonts. Using fallback font instead.

Import trace:
  Server Component:
    [next]/internal/font/google/inter_c15e96cb.module.css
    [next]/internal/font/google/inter_c15e96cb.js
    ./src/app/layout.tsx


 GET /api/accounting/balances? 200 in 14ms (compile: 3ms, proxy.ts: 3ms, render: 7ms)
⚠ [next]/internal/font/google/inter_c15e96cb.module.css
Error while requesting resource
There was an issue establishing a connection while requesting https://fonts.googleapis.com/css2?family=Inter:wght@100..900&display=swap

Import trace:
  Server Component:
    [next]/internal/font/google/inter_c15e96cb.module.css
    [next]/internal/font/google/inter_c15e96cb.js
    ./src/app/layout.tsx


⚠ [next]/internal/font/google/inter_c15e96cb.module.css
next/font: warning:
Failed to download `Inter` from Google Fonts. Using fallback font instead.

Import trace:
  Server Component:
    [next]/internal/font/google/inter_c15e96cb.module.css
    [next]/internal/font/google/inter_c15e96cb.js
    ./src/app/layout.tsx


 GET /api/accounting/balances?reporting_currency=AUD 200 in 13ms (compile: 4ms, proxy.ts: 3ms, render: 7ms)
⚠ [next]/internal/font/google/inter_c15e96cb.module.css
Error while requesting resource
There was an issue establishing a connection while requesting https://fonts.googleapis.com/css2?family=Inter:wght@100..900&display=swap

Import trace:
  Server Component:
    [next]/internal/font/google/inter_c15e96cb.module.css
    [next]/internal/font/google/inter_c15e96cb.js
    ./src/app/layout.tsx


⚠ [next]/internal/font/google/inter_c15e96cb.module.css
next/font: warning:
Failed to download `Inter` from Google Fonts. Using fallback font instead.

Import trace:
  Server Component:
    [next]/internal/font/google/inter_c15e96cb.module.css
    [next]/internal/font/google/inter_c15e96cb.js
    ./src/app/layout.tsx


 GET /api/accounting 200 in 16ms (compile: 3ms, proxy.ts: 4ms, render: 9ms)
⚠ [next]/internal/font/google/inter_c15e96cb.module.css
Error while requesting resource
There was an issue establishing a connection while requesting https://fonts.googleapis.com/css2?family=Inter:wght@100..900&display=swap

Import trace:
  Server Component:
    [next]/internal/font/google/inter_c15e96cb.module.css
    [next]/internal/font/google/inter_c15e96cb.js
    ./src/app/layout.tsx


⚠ [next]/internal/font/google/inter_c15e96cb.module.css
next/font: warning:
Failed to download `Inter` from Google Fonts. Using fallback font instead.

Import trace:
  Server Component:
    [next]/internal/font/google/inter_c15e96cb.module.css
    [next]/internal/font/google/inter_c15e96cb.js
    ./src/app/layout.tsx


 POST /api/accounting/balances/parse-table 200 in 14ms (compile: 4ms, proxy.ts: 4ms, render: 6ms)
⚠ [next]/internal/font/google/inter_c15e96cb.module.css
Error while requesting resource
There was an issue establishing a connection while requesting https://fonts.googleapis.com/css2?family=Inter:wght@100..900&display=swap

Import trace:
  Server Component:
    [next]/internal/font/google/inter_c15e96cb.module.css
    [next]/internal/font/google/inter_c15e96cb.js
    ./src/app/layout.tsx


⚠ [next]/internal/font/google/inter_c15e96cb.module.css
next/font: warning:
Failed to download `Inter` from Google Fonts. Using fallback font instead.

Import trace:
  Server Component:
    [next]/internal/font/google/inter_c15e96cb.module.css
    [next]/internal/font/google/inter_c15e96cb.js
    ./src/app/layout.tsx


 POST /api/accounting/balances 200 in 13ms (compile: 4ms, proxy.ts: 3ms, render: 7ms)
⚠ [next]/internal/font/google/inter_c15e96cb.module.css
Error while requesting resource
There was an issue establishing a connection while requesting https://fonts.googleapis.com/css2?family=Inter:wght@100..900&display=swap

Import trace:
  Server Component:
    [next]/internal/font/google/inter_c15e96cb.module.css
    [next]/internal/font/google/inter_c15e96cb.js
    ./src/app/layout.tsx


⚠ [next]/internal/font/google/inter_c15e96cb.module.css
next/font: warning:
Failed to download `Inter` from Google Fonts. Using fallback font instead.

Import trace:
  Server Component:
    [next]/internal/font/google/inter_c15e96cb.module.css
    [next]/internal/font/google/inter_c15e96cb.js
    ./src/app/layout.tsx


 GET /api/accounting/balances? 200 in 14ms (compile: 3ms, proxy.ts: 3ms, render: 8ms)
⚠ [next]/internal/font/google/inter_c15e96cb.module.css
Error while requesting resource
There was an issue establishing a connection while requesting https://fonts.googleapis.com/css2?family=Inter:wght@100..900&display=swap

Import trace:
  Server Component:
    [next]/internal/font/google/inter_c15e96cb.module.css
    [next]/internal/font/google/inter_c15e96cb.js
    ./src/app/layout.tsx


⚠ [next]/internal/font/google/inter_c15e96cb.module.css
next/font: warning:
Failed to download `Inter` from Google Fonts. Using fallback font instead.

Import trace:
  Server Component:
    [next]/internal/font/google/inter_c15e96cb.module.css
    [next]/internal/font/google/inter_c15e96cb.js
    ./src/app/layout.tsx


 GET /api/accounting/balances? 200 in 13ms (compile: 4ms, proxy.ts: 3ms, render: 7ms)
⚠ [next]/internal/font/google/inter_c15e96cb.module.css
Error while requesting resource
There was an issue establishing a connection while requesting https://fonts.googleapis.com/css2?family=Inter:wght@100..900&display=swap

Import trace:
  Server Component:
    [next]/internal/font/google/inter_c15e96cb.module.css
    [next]/internal/font/google/inter_c15e96cb.js
    ./src/app/layout.tsx


⚠ [next]/internal/font/google/inter_c15e96cb.module.css
next/font: warning:
Failed to download `Inter` from Google Fonts. Using fallback font instead.

Import trace:
  Server Component:
    [next]/internal/font/google/inter_c15e96cb.module.css
    [next]/internal/font/google/inter_c15e96cb.js
    ./src/app/layout.tsx


 POST /api/vault 200 in 12ms (compile: 3ms, proxy.ts: 3ms, render: 6ms)
⚠ [next]/internal/font/google/inter_c15e96cb.module.css
Error while requesting resource
There was an issue establishing a connection while requesting https://fonts.googleapis.com/css2?family=Inter:wght@100..900&display=swap

Import trace:
  Server Component:
    [next]/internal/font/google/inter_c15e96cb.module.css
    [next]/internal/font/google/inter_c15e96cb.js
    ./src/app/layout.tsx


⚠ [next]/internal/font/google/inter_c15e96cb.module.css
next/font: warning:
Failed to download `Inter` from Google Fonts. Using fallback font instead.

Import trace:
  Server Component:
    [next]/internal/font/google/inter_c15e96cb.module.css
    [next]/internal/font/google/inter_c15e96cb.js
    ./src/app/layout.tsx


 GET /accounting 200 in 1118ms (compile: 1090ms, proxy.ts: 7ms, render: 21ms)
⚠ [next]/internal/font/google/inter_c15e96cb.module.css
Error while requesting resource
There was an issue establishing a connection while requesting https://fonts.googleapis.com/css2?family=Inter:wght@100..900&display=swap

Import trace:
  Server Component:
    [next]/internal/font/google/inter_c15e96cb.module.css
    [next]/internal/font/google/inter_c15e96cb.js
    ./src/app/layout.tsx


⚠ [next]/internal/font/google/inter_c15e96cb.module.css
next/font: warning:
Failed to download `Inter` from Google Fonts. Using fallback font instead.

Import trace:
  Server Component:
    [next]/internal/font/google/inter_c15e96cb.module.css
    [next]/internal/font/google/inter_c15e96cb.js
    ./src/app/layout.tsx


⚠ [next]/internal/font/google/inter_c15e96cb.module.css
Error while requesting resource
There was an issue establishing a connection while requesting https://fonts.googleapis.com/css2?family=Inter:wght@100..900&display=swap

Import trace:
  Server Component:
    [next]/internal/font/google/inter_c15e96cb.module.css
    [next]/internal/font/google/inter_c15e96cb.js
    ./src/app/layout.tsx


⚠ [next]/internal/font/google/inter_c15e96cb.module.css
next/font: warning:
Failed to download `Inter` from Google Fonts. Using fallback font instead.

Import trace:
  Server Component:
    [next]/internal/font/google/inter_c15e96cb.module.css
    [next]/internal/font/google/inter_c15e96cb.js
    ./src/app/layout.tsx


 GET /api/accounting 200 in 13ms (compile: 4ms, proxy.ts: 3ms, render: 6ms)
⚠ [next]/internal/font/google/inter_c15e96cb.module.css
Error while requesting resource
There was an issue establishing a connection while requesting https://fonts.googleapis.com/css2?family=Inter:wght@100..900&display=swap

Import trace:
  Server Component:
    [next]/internal/font/google/inter_c15e96cb.module.css
    [next]/internal/font/google/inter_c15e96cb.js
    ./src/app/layout.tsx


⚠ [next]/internal/font/google/inter_c15e96cb.module.css
next/font: warning:
Failed to download `Inter` from Google Fonts. Using fallback font instead.

Import trace:
  Server Component:
    [next]/internal/font/google/inter_c15e96cb.module.css
    [next]/internal/font/google/inter_c15e96cb.js
    ./src/app/layout.tsx


⚠ [next]/internal/font/google/inter_c15e96cb.module.css
Error while requesting resource
There was an issue establishing a connection while requesting https://fonts.googleapis.com/css2?family=Inter:wght@100..900&display=swap

Import trace:
  Server Component:
    [next]/internal/font/google/inter_c15e96cb.module.css
    [next]/internal/font/google/inter_c15e96cb.js
    ./src/app/layout.tsx


⚠ [next]/internal/font/google/inter_c15e96cb.module.css
next/font: warning:
Failed to download `Inter` from Google Fonts. Using fallback font instead.

Import trace:
  Server Component:
    [next]/internal/font/google/inter_c15e96cb.module.css
    [next]/internal/font/google/inter_c15e96cb.js
    ./src/app/layout.tsx


 GET /api/accounting 200 in 11ms (compile: 3ms, proxy.ts: 3ms, render: 5ms)
⚠ [next]/internal/font/google/inter_c15e96cb.module.css
Error while requesting resource
There was an issue establishing a connection while requesting https://fonts.googleapis.com/css2?family=Inter:wght@100..900&display=swap

Import trace:
  Server Component:
    [next]/internal/font/google/inter_c15e96cb.module.css
    [next]/internal/font/google/inter_c15e96cb.js
    ./src/app/layout.tsx


⚠ [next]/internal/font/google/inter_c15e96cb.module.css
next/font: warning:
Failed to download `Inter` from Google Fonts. Using fallback font instead.

Import trace:
  Server Component:
    [next]/internal/font/google/inter_c15e96cb.module.css
    [next]/internal/font/google/inter_c15e96cb.js
    ./src/app/layout.tsx


⚠ [next]/internal/font/google/inter_c15e96cb.module.css
Error while requesting resource
There was an issue establishing a connection while requesting https://fonts.googleapis.com/css2?family=Inter:wght@100..900&display=swap

Import trace:
  Server Component:
    [next]/internal/font/google/inter_c15e96cb.module.css
    [next]/internal/font/google/inter_c15e96cb.js
    ./src/app/layout.tsx


⚠ [next]/internal/font/google/inter_c15e96cb.module.css
next/font: warning:
Failed to download `Inter` from Google Fonts. Using fallback font instead.

Import trace:
  Server Component:
    [next]/internal/font/google/inter_c15e96cb.module.css
    [next]/internal/font/google/inter_c15e96cb.js
    ./src/app/layout.tsx


 GET /api/accounting?view=drafts 200 in 13ms (compile: 4ms, proxy.ts: 4ms, render: 5ms)
⚠ [next]/internal/font/google/inter_c15e96cb.module.css
Error while requesting resource
There was an issue establishing a connection while requesting https://fonts.googleapis.com/css2?family=Inter:wght@100..900&display=swap

Import trace:
  Server Component:
    [next]/internal/font/google/inter_c15e96cb.module.css
    [next]/internal/font/google/inter_c15e96cb.js
    ./src/app/layout.tsx


⚠ [next]/internal/font/google/inter_c15e96cb.module.css
next/font: warning:
Failed to download `Inter` from Google Fonts. Using fallback font instead.

Import trace:
  Server Component:
    [next]/internal/font/google/inter_c15e96cb.module.css
    [next]/internal/font/google/inter_c15e96cb.js
    ./src/app/layout.tsx


⚠ [next]/internal/font/google/inter_c15e96cb.module.css
Error while requesting resource
There was an issue establishing a connection while requesting https://fonts.googleapis.com/css2?family=Inter:wght@100..900&display=swap

Import trace:
  Server Component:
    [next]/internal/font/google/inter_c15e96cb.module.css
    [next]/internal/font/google/inter_c15e96cb.js
    ./src/app/layout.tsx


⚠ [next]/internal/font/google/inter_c15e96cb.module.css
next/font: warning:
Failed to download `Inter` from Google Fonts. Using fallback font instead.

Import trace:
  Server Component:
    [next]/internal/font/google/inter_c15e96cb.module.css
    [next]/internal/font/google/inter_c15e96cb.js
    ./src/app/layout.tsx


 GET /api/accounting?include_transactions=true&as_of_date=2026-09-20&start_date=2026-09-01&end_date=2026-09-20&limit=50&offset=0 200 in 22ms (compile: 11ms, proxy.ts: 4ms, render: 8ms)
⚠ [next]/internal/font/google/inter_c15e96cb.module.css
Error while requesting resource
There was an issue establishing a connection while requesting https://fonts.googleapis.com/css2?family=Inter:wght@100..900&display=swap

Import trace:
  Server Component:
    [next]/internal/font/google/inter_c15e96cb.module.css
    [next]/internal/font/google/inter_c15e96cb.js
    ./src/app/layout.tsx


⚠ [next]/internal/font/google/inter_c15e96cb.module.css
next/font: warning:
Failed to download `Inter` from Google Fonts. Using fallback font instead.

Import trace:
  Server Component:
    [next]/internal/font/google/inter_c15e96cb.module.css
    [next]/internal/font/google/inter_c15e96cb.js
    ./src/app/layout.tsx


⚠ [next]/internal/font/google/inter_c15e96cb.module.css
Error while requesting resource
There was an issue establishing a connection while requesting https://fonts.googleapis.com/css2?family=Inter:wght@100..900&display=swap

Import trace:
  Server Component:
    [next]/internal/font/google/inter_c15e96cb.module.css
    [next]/internal/font/google/inter_c15e96cb.js
    ./src/app/layout.tsx


⚠ [next]/internal/font/google/inter_c15e96cb.module.css
next/font: warning:
Failed to download `Inter` from Google Fonts. Using fallback font instead.

Import trace:
  Server Component:
    [next]/internal/font/google/inter_c15e96cb.module.css
    [next]/internal/font/google/inter_c15e96cb.js
    ./src/app/layout.tsx


 GET /api/accounting?view=drafts 200 in 13ms (compile: 4ms, proxy.ts: 3ms, render: 6ms)
⚠ [next]/internal/font/google/inter_c15e96cb.module.css
Error while requesting resource
There was an issue establishing a connection while requesting https://fonts.googleapis.com/css2?family=Inter:wght@100..900&display=swap

Import trace:
  Server Component:
    [next]/internal/font/google/inter_c15e96cb.module.css
    [next]/internal/font/google/inter_c15e96cb.js
    ./src/app/layout.tsx


⚠ [next]/internal/font/google/inter_c15e96cb.module.css
next/font: warning:
Failed to download `Inter` from Google Fonts. Using fallback font instead.

Import trace:
  Server Component:
    [next]/internal/font/google/inter_c15e96cb.module.css
    [next]/internal/font/google/inter_c15e96cb.js
    ./src/app/layout.tsx


⚠ [next]/internal/font/google/inter_c15e96cb.module.css
Error while requesting resource
There was an issue establishing a connection while requesting https://fonts.googleapis.com/css2?family=Inter:wght@100..900&display=swap

Import trace:
  Server Component:
    [next]/internal/font/google/inter_c15e96cb.module.css
    [next]/internal/font/google/inter_c15e96cb.js
    ./src/app/layout.tsx


⚠ [next]/internal/font/google/inter_c15e96cb.module.css
next/font: warning:
Failed to download `Inter` from Google Fonts. Using fallback font instead.

Import trace:
  Server Component:
    [next]/internal/font/google/inter_c15e96cb.module.css
    [next]/internal/font/google/inter_c15e96cb.js
    ./src/app/layout.tsx


 GET /api/accounting?include_transactions=true&as_of_date=2026-09-20&start_date=2026-09-01&end_date=2026-09-20&limit=50&offset=0 200 in 21ms (compile: 12ms, proxy.ts: 3ms, render: 6ms)
⚠ [next]/internal/font/google/inter_c15e96cb.module.css
Error while requesting resource
There was an issue establishing a connection while requesting https://fonts.googleapis.com/css2?family=Inter:wght@100..900&display=swap

Import trace:
  Server Component:
    [next]/internal/font/google/inter_c15e96cb.module.css
    [next]/internal/font/google/inter_c15e96cb.js
    ./src/app/layout.tsx


⚠ [next]/internal/font/google/inter_c15e96cb.module.css
next/font: warning:
Failed to download `Inter` from Google Fonts. Using fallback font instead.

Import trace:
  Server Component:
    [next]/internal/font/google/inter_c15e96cb.module.css
    [next]/internal/font/google/inter_c15e96cb.js
    ./src/app/layout.tsx


⚠ [next]/internal/font/google/inter_c15e96cb.module.css
Error while requesting resource
There was an issue establishing a connection while requesting https://fonts.googleapis.com/css2?family=Inter:wght@100..900&display=swap

Import trace:
  Server Component:
    [next]/internal/font/google/inter_c15e96cb.module.css
    [next]/internal/font/google/inter_c15e96cb.js
    ./src/app/layout.tsx


⚠ [next]/internal/font/google/inter_c15e96cb.module.css
next/font: warning:
Failed to download `Inter` from Google Fonts. Using fallback font instead.

Import trace:
  Server Component:
    [next]/internal/font/google/inter_c15e96cb.module.css
    [next]/internal/font/google/inter_c15e96cb.js
    ./src/app/layout.tsx


 GET /api/accounting?as_of_date=2026-09-20 200 in 16ms (compile: 5ms, proxy.ts: 3ms, render: 8ms)
⚠ [next]/internal/font/google/inter_c15e96cb.module.css
Error while requesting resource
There was an issue establishing a connection while requesting https://fonts.googleapis.com/css2?family=Inter:wght@100..900&display=swap

Import trace:
  Server Component:
    [next]/internal/font/google/inter_c15e96cb.module.css
    [next]/internal/font/google/inter_c15e96cb.js
    ./src/app/layout.tsx


⚠ [next]/internal/font/google/inter_c15e96cb.module.css
next/font: warning:
Failed to download `Inter` from Google Fonts. Using fallback font instead.

Import trace:
  Server Component:
    [next]/internal/font/google/inter_c15e96cb.module.css
    [next]/internal/font/google/inter_c15e96cb.js
    ./src/app/layout.tsx


⚠ [next]/internal/font/google/inter_c15e96cb.module.css
Error while requesting resource
There was an issue establishing a connection while requesting https://fonts.googleapis.com/css2?family=Inter:wght@100..900&display=swap

Import trace:
  Server Component:
    [next]/internal/font/google/inter_c15e96cb.module.css
    [next]/internal/font/google/inter_c15e96cb.js
    ./src/app/layout.tsx


⚠ [next]/internal/font/google/inter_c15e96cb.module.css
next/font: warning:
Failed to download `Inter` from Google Fonts. Using fallback font instead.

Import trace:
  Server Component:
    [next]/internal/font/google/inter_c15e96cb.module.css
    [next]/internal/font/google/inter_c15e96cb.js
    ./src/app/layout.tsx


 GET /api/accounting?view=reports&scope_id=all&as_of_date=2026-09-20 200 in 26ms (compile: 15ms, proxy.ts: 3ms, render: 7ms)
⚠ [next]/internal/font/google/inter_c15e96cb.module.css
Error while requesting resource
There was an issue establishing a connection while requesting https://fonts.googleapis.com/css2?family=Inter:wght@100..900&display=swap

Import trace:
  Server Component:
    [next]/internal/font/google/inter_c15e96cb.module.css
    [next]/internal/font/google/inter_c15e96cb.js
    ./src/app/layout.tsx


⚠ [next]/internal/font/google/inter_c15e96cb.module.css
next/font: warning:
Failed to download `Inter` from Google Fonts. Using fallback font instead.

Import trace:
  Server Component:
    [next]/internal/font/google/inter_c15e96cb.module.css
    [next]/internal/font/google/inter_c15e96cb.js
    ./src/app/layout.tsx


⚠ [next]/internal/font/google/inter_c15e96cb.module.css
Error while requesting resource
There was an issue establishing a connection while requesting https://fonts.googleapis.com/css2?family=Inter:wght@100..900&display=swap

Import trace:
  Server Component:
    [next]/internal/font/google/inter_c15e96cb.module.css
    [next]/internal/font/google/inter_c15e96cb.js
    ./src/app/layout.tsx


⚠ [next]/internal/font/google/inter_c15e96cb.module.css
next/font: warning:
Failed to download `Inter` from Google Fonts. Using fallback font instead.

Import trace:
  Server Component:
    [next]/internal/font/google/inter_c15e96cb.module.css
    [next]/internal/font/google/inter_c15e96cb.js
    ./src/app/layout.tsx


 GET /api/accounting?view=reports&scope_id=all&as_of_date=2026-09-20 200 in 16ms (compile: 5ms, proxy.ts: 4ms, render: 7ms)
⚠ [next]/internal/font/google/inter_c15e96cb.module.css
Error while requesting resource
There was an issue establishing a connection while requesting https://fonts.googleapis.com/css2?family=Inter:wght@100..900&display=swap

Import trace:
  Server Component:
    [next]/internal/font/google/inter_c15e96cb.module.css
    [next]/internal/font/google/inter_c15e96cb.js
    ./src/app/layout.tsx


⚠ [next]/internal/font/google/inter_c15e96cb.module.css
next/font: warning:
Failed to download `Inter` from Google Fonts. Using fallback font instead.

Import trace:
  Server Component:
    [next]/internal/font/google/inter_c15e96cb.module.css
    [next]/internal/font/google/inter_c15e96cb.js
    ./src/app/layout.tsx


⚠ [next]/internal/font/google/inter_c15e96cb.module.css
Error while requesting resource
There was an issue establishing a connection while requesting https://fonts.googleapis.com/css2?family=Inter:wght@100..900&display=swap

Import trace:
  Server Component:
    [next]/internal/font/google/inter_c15e96cb.module.css
    [next]/internal/font/google/inter_c15e96cb.js
    ./src/app/layout.tsx


⚠ [next]/internal/font/google/inter_c15e96cb.module.css
next/font: warning:
Failed to download `Inter` from Google Fonts. Using fallback font instead.

Import trace:
  Server Component:
    [next]/internal/font/google/inter_c15e96cb.module.css
    [next]/internal/font/google/inter_c15e96cb.js
    ./src/app/layout.tsx


 GET /api/accounting?as_of_date=2026-09-20 200 in 25ms (compile: 15ms, proxy.ts: 4ms, render: 7ms)
⚠ [next]/internal/font/google/inter_c15e96cb.module.css
Error while requesting resource
There was an issue establishing a connection while requesting https://fonts.googleapis.com/css2?family=Inter:wght@100..900&display=swap

Import trace:
  Server Component:
    [next]/internal/font/google/inter_c15e96cb.module.css
    [next]/internal/font/google/inter_c15e96cb.js
    ./src/app/layout.tsx


⚠ [next]/internal/font/google/inter_c15e96cb.module.css
next/font: warning:
Failed to download `Inter` from Google Fonts. Using fallback font instead.

Import trace:
  Server Component:
    [next]/internal/font/google/inter_c15e96cb.module.css
    [next]/internal/font/google/inter_c15e96cb.js
    ./src/app/layout.tsx


 GET / 200 in 717ms (compile: 702ms, proxy.ts: 2ms, render: 13ms)
⚠ [next]/internal/font/google/inter_c15e96cb.module.css
Error while requesting resource
There was an issue establishing a connection while requesting https://fonts.googleapis.com/css2?family=Inter:wght@100..900&display=swap

Import trace:
  Server Component:
    [next]/internal/font/google/inter_c15e96cb.module.css
    [next]/internal/font/google/inter_c15e96cb.js
    ./src/app/layout.tsx


⚠ [next]/internal/font/google/inter_c15e96cb.module.css
next/font: warning:
Failed to download `Inter` from Google Fonts. Using fallback font instead.

Import trace:
  Server Component:
    [next]/internal/font/google/inter_c15e96cb.module.css
    [next]/internal/font/google/inter_c15e96cb.js
    ./src/app/layout.tsx


⚠ [next]/internal/font/google/inter_c15e96cb.module.css
Error while requesting resource
There was an issue establishing a connection while requesting https://fonts.googleapis.com/css2?family=Inter:wght@100..900&display=swap

Import trace:
  Server Component:
    [next]/internal/font/google/inter_c15e96cb.module.css
    [next]/internal/font/google/inter_c15e96cb.js
    ./src/app/layout.tsx


⚠ [next]/internal/font/google/inter_c15e96cb.module.css
next/font: warning:
Failed to download `Inter` from Google Fonts. Using fallback font instead.

Import trace:
  Server Component:
    [next]/internal/font/google/inter_c15e96cb.module.css
    [next]/internal/font/google/inter_c15e96cb.js
    ./src/app/layout.tsx


 GET /api/accounting/balances? 200 in 15ms (compile: 4ms, proxy.ts: 3ms, render: 7ms)
⚠ [next]/internal/font/google/inter_c15e96cb.module.css
Error while requesting resource
There was an issue establishing a connection while requesting https://fonts.googleapis.com/css2?family=Inter:wght@100..900&display=swap

Import trace:
  Server Component:
    [next]/internal/font/google/inter_c15e96cb.module.css
    [next]/internal/font/google/inter_c15e96cb.js
    ./src/app/layout.tsx


⚠ [next]/internal/font/google/inter_c15e96cb.module.css
next/font: warning:
Failed to download `Inter` from Google Fonts. Using fallback font instead.

Import trace:
  Server Component:
    [next]/internal/font/google/inter_c15e96cb.module.css
    [next]/internal/font/google/inter_c15e96cb.js
    ./src/app/layout.tsx


⚠ [next]/internal/font/google/inter_c15e96cb.module.css
Error while requesting resource
There was an issue establishing a connection while requesting https://fonts.googleapis.com/css2?family=Inter:wght@100..900&display=swap

Import trace:
  Server Component:
    [next]/internal/font/google/inter_c15e96cb.module.css
    [next]/internal/font/google/inter_c15e96cb.js
    ./src/app/layout.tsx


⚠ [next]/internal/font/google/inter_c15e96cb.module.css
next/font: warning:
Failed to download `Inter` from Google Fonts. Using fallback font instead.

Import trace:
  Server Component:
    [next]/internal/font/google/inter_c15e96cb.module.css
    [next]/internal/font/google/inter_c15e96cb.js
    ./src/app/layout.tsx


 GET /api/accounting 200 in 22ms (compile: 14ms, proxy.ts: 3ms, render: 5ms)
⚠ [next]/internal/font/google/inter_c15e96cb.module.css
Error while requesting resource
There was an issue establishing a connection while requesting https://fonts.googleapis.com/css2?family=Inter:wght@100..900&display=swap

Import trace:
  Server Component:
    [next]/internal/font/google/inter_c15e96cb.module.css
    [next]/internal/font/google/inter_c15e96cb.js
    ./src/app/layout.tsx


⚠ [next]/internal/font/google/inter_c15e96cb.module.css
next/font: warning:
Failed to download `Inter` from Google Fonts. Using fallback font instead.

Import trace:
  Server Component:
    [next]/internal/font/google/inter_c15e96cb.module.css
    [next]/internal/font/google/inter_c15e96cb.js
    ./src/app/layout.tsx


⚠ [next]/internal/font/google/inter_c15e96cb.module.css
Error while requesting resource
There was an issue establishing a connection while requesting https://fonts.googleapis.com/css2?family=Inter:wght@100..900&display=swap

Import trace:
  Server Component:
    [next]/internal/font/google/inter_c15e96cb.module.css
    [next]/internal/font/google/inter_c15e96cb.js
    ./src/app/layout.tsx


⚠ [next]/internal/font/google/inter_c15e96cb.module.css
next/font: warning:
Failed to download `Inter` from Google Fonts. Using fallback font instead.

Import trace:
  Server Component:
    [next]/internal/font/google/inter_c15e96cb.module.css
    [next]/internal/font/google/inter_c15e96cb.js
    ./src/app/layout.tsx


 GET /api/accounting/balances? 200 in 13ms (compile: 5ms, proxy.ts: 2ms, render: 5ms)
⚠ [next]/internal/font/google/inter_c15e96cb.module.css
Error while requesting resource
There was an issue establishing a connection while requesting https://fonts.googleapis.com/css2?family=Inter:wght@100..900&display=swap

Import trace:
  Server Component:
    [next]/internal/font/google/inter_c15e96cb.module.css
    [next]/internal/font/google/inter_c15e96cb.js
    ./src/app/layout.tsx


⚠ [next]/internal/font/google/inter_c15e96cb.module.css
next/font: warning:
Failed to download `Inter` from Google Fonts. Using fallback font instead.

Import trace:
  Server Component:
    [next]/internal/font/google/inter_c15e96cb.module.css
    [next]/internal/font/google/inter_c15e96cb.js
    ./src/app/layout.tsx


⚠ [next]/internal/font/google/inter_c15e96cb.module.css
Error while requesting resource
There was an issue establishing a connection while requesting https://fonts.googleapis.com/css2?family=Inter:wght@100..900&display=swap

Import trace:
  Server Component:
    [next]/internal/font/google/inter_c15e96cb.module.css
    [next]/internal/font/google/inter_c15e96cb.js
    ./src/app/layout.tsx


⚠ [next]/internal/font/google/inter_c15e96cb.module.css
next/font: warning:
Failed to download `Inter` from Google Fonts. Using fallback font instead.

Import trace:
  Server Component:
    [next]/internal/font/google/inter_c15e96cb.module.css
    [next]/internal/font/google/inter_c15e96cb.js
    ./src/app/layout.tsx


 GET /api/accounting/balances? 200 in 15ms (compile: 5ms, proxy.ts: 2ms, render: 7ms)
⚠ [next]/internal/font/google/inter_c15e96cb.module.css
Error while requesting resource
There was an issue establishing a connection while requesting https://fonts.googleapis.com/css2?family=Inter:wght@100..900&display=swap

Import trace:
  Server Component:
    [next]/internal/font/google/inter_c15e96cb.module.css
    [next]/internal/font/google/inter_c15e96cb.js
    ./src/app/layout.tsx


⚠ [next]/internal/font/google/inter_c15e96cb.module.css
next/font: warning:
Failed to download `Inter` from Google Fonts. Using fallback font instead.

Import trace:
  Server Component:
    [next]/internal/font/google/inter_c15e96cb.module.css
    [next]/internal/font/google/inter_c15e96cb.js
    ./src/app/layout.tsx


⚠ [next]/internal/font/google/inter_c15e96cb.module.css
Error while requesting resource
There was an issue establishing a connection while requesting https://fonts.googleapis.com/css2?family=Inter:wght@100..900&display=swap

Import trace:
  Server Component:
    [next]/internal/font/google/inter_c15e96cb.module.css
    [next]/internal/font/google/inter_c15e96cb.js
    ./src/app/layout.tsx


⚠ [next]/internal/font/google/inter_c15e96cb.module.css
next/font: warning:
Failed to download `Inter` from Google Fonts. Using fallback font instead.

Import trace:
  Server Component:
    [next]/internal/font/google/inter_c15e96cb.module.css
    [next]/internal/font/google/inter_c15e96cb.js
    ./src/app/layout.tsx


 GET /api/accounting/balances? 200 in 14ms (compile: 5ms, proxy.ts: 2ms, render: 7ms)
⚠ [next]/internal/font/google/inter_c15e96cb.module.css
Error while requesting resource
There was an issue establishing a connection while requesting https://fonts.googleapis.com/css2?family=Inter:wght@100..900&display=swap

Import trace:
  Server Component:
    [next]/internal/font/google/inter_c15e96cb.module.css
    [next]/internal/font/google/inter_c15e96cb.js
    ./src/app/layout.tsx


⚠ [next]/internal/font/google/inter_c15e96cb.module.css
next/font: warning:
Failed to download `Inter` from Google Fonts. Using fallback font instead.

Import trace:
  Server Component:
    [next]/internal/font/google/inter_c15e96cb.module.css
    [next]/internal/font/google/inter_c15e96cb.js
    ./src/app/layout.tsx


⚠ [next]/internal/font/google/inter_c15e96cb.module.css
Error while requesting resource
There was an issue establishing a connection while requesting https://fonts.googleapis.com/css2?family=Inter:wght@100..900&display=swap

Import trace:
  Server Component:
    [next]/internal/font/google/inter_c15e96cb.module.css
    [next]/internal/font/google/inter_c15e96cb.js
    ./src/app/layout.tsx


⚠ [next]/internal/font/google/inter_c15e96cb.module.css
next/font: warning:
Failed to download `Inter` from Google Fonts. Using fallback font instead.

Import trace:
  Server Component:
    [next]/internal/font/google/inter_c15e96cb.module.css
    [next]/internal/font/google/inter_c15e96cb.js
    ./src/app/layout.tsx


 GET /api/accounting 200 in 12ms (compile: 4ms, proxy.ts: 3ms, render: 6ms)
⚠ [next]/internal/font/google/inter_c15e96cb.module.css
Error while requesting resource
There was an issue establishing a connection while requesting https://fonts.googleapis.com/css2?family=Inter:wght@100..900&display=swap

Import trace:
  Server Component:
    [next]/internal/font/google/inter_c15e96cb.module.css
    [next]/internal/font/google/inter_c15e96cb.js
    ./src/app/layout.tsx


⚠ [next]/internal/font/google/inter_c15e96cb.module.css
next/font: warning:
Failed to download `Inter` from Google Fonts. Using fallback font instead.

Import trace:
  Server Component:
    [next]/internal/font/google/inter_c15e96cb.module.css
    [next]/internal/font/google/inter_c15e96cb.js
    ./src/app/layout.tsx


⚠ [next]/internal/font/google/inter_c15e96cb.module.css
Error while requesting resource
There was an issue establishing a connection while requesting https://fonts.googleapis.com/css2?family=Inter:wght@100..900&display=swap

Import trace:
  Server Component:
    [next]/internal/font/google/inter_c15e96cb.module.css
    [next]/internal/font/google/inter_c15e96cb.js
    ./src/app/layout.tsx


⚠ [next]/internal/font/google/inter_c15e96cb.module.css
next/font: warning:
Failed to download `Inter` from Google Fonts. Using fallback font instead.

Import trace:
  Server Component:
    [next]/internal/font/google/inter_c15e96cb.module.css
    [next]/internal/font/google/inter_c15e96cb.js
    ./src/app/layout.tsx


 POST /api/accounting/balances 200 in 14ms (compile: 3ms, proxy.ts: 3ms, render: 7ms)
⚠ [next]/internal/font/google/inter_c15e96cb.module.css
Error while requesting resource
There was an issue establishing a connection while requesting https://fonts.googleapis.com/css2?family=Inter:wght@100..900&display=swap

Import trace:
  Server Component:
    [next]/internal/font/google/inter_c15e96cb.module.css
    [next]/internal/font/google/inter_c15e96cb.js
    ./src/app/layout.tsx


⚠ [next]/internal/font/google/inter_c15e96cb.module.css
next/font: warning:
Failed to download `Inter` from Google Fonts. Using fallback font instead.

Import trace:
  Server Component:
    [next]/internal/font/google/inter_c15e96cb.module.css
    [next]/internal/font/google/inter_c15e96cb.js
    ./src/app/layout.tsx


⚠ [next]/internal/font/google/inter_c15e96cb.module.css
Error while requesting resource
There was an issue establishing a connection while requesting https://fonts.googleapis.com/css2?family=Inter:wght@100..900&display=swap

Import trace:
  Server Component:
    [next]/internal/font/google/inter_c15e96cb.module.css
    [next]/internal/font/google/inter_c15e96cb.js
    ./src/app/layout.tsx


⚠ [next]/internal/font/google/inter_c15e96cb.module.css
next/font: warning:
Failed to download `Inter` from Google Fonts. Using fallback font instead.

Import trace:
  Server Component:
    [next]/internal/font/google/inter_c15e96cb.module.css
    [next]/internal/font/google/inter_c15e96cb.js
    ./src/app/layout.tsx


 GET /api/accounting/balances? 200 in 11ms (compile: 3ms, proxy.ts: 3ms, render: 5ms)
⚠ [next]/internal/font/google/inter_c15e96cb.module.css
Error while requesting resource
There was an issue establishing a connection while requesting https://fonts.googleapis.com/css2?family=Inter:wght@100..900&display=swap

Import trace:
  Server Component:
    [next]/internal/font/google/inter_c15e96cb.module.css
    [next]/internal/font/google/inter_c15e96cb.js
    ./src/app/layout.tsx


⚠ [next]/internal/font/google/inter_c15e96cb.module.css
next/font: warning:
Failed to download `Inter` from Google Fonts. Using fallback font instead.

Import trace:
  Server Component:
    [next]/internal/font/google/inter_c15e96cb.module.css
    [next]/internal/font/google/inter_c15e96cb.js
    ./src/app/layout.tsx


⚠ [next]/internal/font/google/inter_c15e96cb.module.css
Error while requesting resource
There was an issue establishing a connection while requesting https://fonts.googleapis.com/css2?family=Inter:wght@100..900&display=swap

Import trace:
  Server Component:
    [next]/internal/font/google/inter_c15e96cb.module.css
    [next]/internal/font/google/inter_c15e96cb.js
    ./src/app/layout.tsx


⚠ [next]/internal/font/google/inter_c15e96cb.module.css
next/font: warning:
Failed to download `Inter` from Google Fonts. Using fallback font instead.

Import trace:
  Server Component:
    [next]/internal/font/google/inter_c15e96cb.module.css
    [next]/internal/font/google/inter_c15e96cb.js
    ./src/app/layout.tsx


 GET /api/accounting/balances? 200 in 13ms (compile: 3ms, proxy.ts: 2ms, render: 7ms)
⚠ [next]/internal/font/google/inter_c15e96cb.module.css
Error while requesting resource
There was an issue establishing a connection while requesting https://fonts.googleapis.com/css2?family=Inter:wght@100..900&display=swap

Import trace:
  Server Component:
    [next]/internal/font/google/inter_c15e96cb.module.css
    [next]/internal/font/google/inter_c15e96cb.js
    ./src/app/layout.tsx


⚠ [next]/internal/font/google/inter_c15e96cb.module.css
next/font: warning:
Failed to download `Inter` from Google Fonts. Using fallback font instead.

Import trace:
  Server Component:
    [next]/internal/font/google/inter_c15e96cb.module.css
    [next]/internal/font/google/inter_c15e96cb.js
    ./src/app/layout.tsx


⚠ [next]/internal/font/google/inter_c15e96cb.module.css
Error while requesting resource
There was an issue establishing a connection while requesting https://fonts.googleapis.com/css2?family=Inter:wght@100..900&display=swap

Import trace:
  Server Component:
    [next]/internal/font/google/inter_c15e96cb.module.css
    [next]/internal/font/google/inter_c15e96cb.js
    ./src/app/layout.tsx


⚠ [next]/internal/font/google/inter_c15e96cb.module.css
next/font: warning:
Failed to download `Inter` from Google Fonts. Using fallback font instead.

Import trace:
  Server Component:
    [next]/internal/font/google/inter_c15e96cb.module.css
    [next]/internal/font/google/inter_c15e96cb.js
    ./src/app/layout.tsx


 GET /api/accounting/balances?reporting_currency=JPY 200 in 11ms (compile: 4ms, proxy.ts: 2ms, render: 5ms)
