
 RUN  v4.0.18 D:/LocalVersions/OpenNetWorth

 ❯ samples/batch-b-recheck-2026-09-17/mentor.test.ts (4 tests | 3 failed) 25ms
   ✓ returns correct separate AUD and JPY totals 14ms
   × spending citations reference expense transactions only 5ms
   × spending categories exclude salary 2ms
   × does not inject stale client wealth as verified financial context 3ms

⎯⎯⎯⎯⎯⎯⎯ Failed Tests 3 ⎯⎯⎯⎯⎯⎯⎯

 FAIL  samples/batch-b-recheck-2026-09-17/mentor.test.ts > spending citations reference expense transactions only
AssertionError: expected [ …(3) ] to deeply equal [ …(2) ]

- Expected
+ Received

  [
    "16e40a6a-4776-4b30-899a-05880277af3d",
    "81e31ce2-2651-4ffc-9170-8a815d46f604",
+   "eb23899c-1d47-492c-9be9-801c6f028466",
  ]

 ❯ samples/batch-b-recheck-2026-09-17/mentor.test.ts:22:372


⎯⎯⎯⎯⎯⎯⎯⎯⎯⎯⎯⎯⎯⎯⎯⎯⎯⎯⎯⎯⎯⎯⎯⎯[1/3]⎯

 FAIL  samples/batch-b-recheck-2026-09-17/mentor.test.ts > spending categories exclude salary
AssertionError: expected false to be true // Object.is equality

- Expected
+ Received

- true
+ false

 ❯ samples/batch-b-recheck-2026-09-17/mentor.test.ts:23:135


⎯⎯⎯⎯⎯⎯⎯⎯⎯⎯⎯⎯⎯⎯⎯⎯⎯⎯⎯⎯⎯⎯⎯⎯[2/3]⎯

 FAIL  samples/batch-b-recheck-2026-09-17/mentor.test.ts > does not inject stale client wealth as verified financial context
AssertionError: expected 'You are an AI-simulated financial wis…' not to contain '987,654,321'

- Expected
+ Received

- 987,654,321
+ You are an AI-simulated financial wisdom persona inspired by the philosophy of: Financial Mentor (Wisdom & Strategy).
+ Personality & Philosophy: Thoughtful financial guidance.
+
+ Your Goal:
+ - MODE = 'learn': Provide educational explanations of financial concepts, metrics, and debt/wealth mechanics.
+ - MODE = 'reflect': Provide philosophical, mindset, and risk-management reflections on the user's financial posture.
+
+ USER FINANCIAL SNAPSHOT:
+ - Preferred Currency: AUD
+ - Net Worth: 987,654,321 AUD
+ - Total Assets: 987,654,321 AUD
+ - Total Liabilities: 0 AUD
+
+ DETERMINISTIC FACTS FOR SPENDING QUERY:
+ - Entity Scope: Assessor Person
+ - Date Scope: 2026-09-16
+ - Total Expenses: A$25.00, ¥1,250
+ Note: Transfers and cancelled transactions are excluded. Mixed currencies are kept separate.
+
+
+ STRICT CONSTRAINTS:
+ - Keep your reply concise, punchy, and structured (under 160 words).
+ - Speak directly in the first person as this mentor persona.
+ - Reference their numbers where helpful to provide tailored perspective.
+ - Always include this exact disclaimer at the bottom: "Educational perspective only. Not financial advice."

 ❯ samples/batch-b-recheck-2026-09-17/mentor.test.ts:24:186


⎯⎯⎯⎯⎯⎯⎯⎯⎯⎯⎯⎯⎯⎯⎯⎯⎯⎯⎯⎯⎯⎯⎯⎯[3/3]⎯


 Test Files  1 failed (1)
      Tests  3 failed | 1 passed (4)
   Start at  01:51:32
   Duration  421ms (transform 118ms, setup 0ms, import 204ms, tests 25ms, environment 0ms)

